\BOOKMARK [1][-]{section.1}{\376\377\000I\000n\000t\000r\000o\000d\000u\000c\000t\000i\000o\000n}{}% 1
\BOOKMARK [1][-]{section.2}{\376\377\0001\000.\000\040\000A\000n\000a\000l\000y\000s\000e\000\040\000A\000x\000i\000o\000m\000a\000t\000i\000q\000u\000e\000\040\000e\000t\000\040\000D\000\351\000c\000o\000m\000p\000o\000s\000i\000t\000i\000o\000n}{}% 2
\BOOKMARK [2][-]{subsection.2.1}{\376\377\000S\000t\000r\000u\000c\000t\000u\000r\000e\000s\000\040\000A\000l\000g\000\351\000b\000r\000i\000q\000u\000e\000s\000\040\000S\000o\000u\000s\000-\000j\000a\000c\000e\000n\000t\000e\000s}{section.2}% 3
\BOOKMARK [1][-]{section.3}{\376\377\0002\000.\000\040\000R\000e\000c\000h\000e\000r\000c\000h\000e\000\040\000d\000e\000\040\000L\000i\000t\000t\000\351\000r\000a\000t\000u\000r\000e\000\040\000C\000o\000n\000t\000e\000x\000t\000u\000e\000l\000l\000e}{}% 4
\BOOKMARK [2][-]{subsection.3.1}{\376\377\000L\000'\000\351\000q\000u\000a\000t\000i\000o\000n\000\040\000d\000e\000\040\000P\000e\000l\000l\000-\000F\000e\000r\000m\000a\000t\000\040\000e\000t\000\040\000G\000a\000p\000s}{section.3}% 5
\BOOKMARK [2][-]{subsection.3.2}{\376\377\000L\000a\000\040\000C\000o\000n\000j\000e\000c\000t\000u\000r\000e\000\040\000A\000B\000C\000\040\000e\000t\000\040\000l\000e\000s\000\040\000A\000n\000a\000l\000o\000g\000i\000e\000s}{section.3}% 6
\BOOKMARK [1][-]{section.4}{\376\377\0003\000.\000\040\000S\000t\000r\000a\000t\000\351\000g\000i\000e\000\040\000d\000e\000\040\000P\000r\000e\000u\000v\000e\000\040\000\046\000\040\000I\000s\000o\000l\000a\000t\000i\000o\000n\000\040\000d\000e\000\040\000L\000e\000m\000m\000e\000s}{}% 7
\BOOKMARK [1][-]{section.5}{\376\377\0004\000.\000\040\000R\000\351\000d\000a\000c\000t\000i\000o\000n\000\040\000d\000e\000\040\000l\000a\000\040\000P\000r\000e\000u\000v\000e\000\040\000I\000n\000f\000o\000r\000m\000e\000l\000l\000e\000\040\000\050\000Z\000\351\000r\000o\000\040\000E\000l\000l\000i\000p\000s\000e\000\051}{}% 8
\BOOKMARK [2][-]{subsection.5.1}{\376\377\000D\000\351\000m\000o\000n\000s\000t\000r\000a\000t\000i\000o\000n\000\040\000d\000u\000\040\000L\000e\000m\000m\000e\000\040\0001}{section.5}% 9
\BOOKMARK [2][-]{subsection.5.2}{\376\377\000D\000\351\000m\000o\000n\000s\000t\000r\000a\000t\000i\000o\000n\000\040\000d\000u\000\040\000L\000e\000m\000m\000e\000\040\0002}{section.5}% 10
\BOOKMARK [2][-]{subsection.5.3}{\376\377\000D\000\351\000m\000o\000n\000s\000t\000r\000a\000t\000i\000o\000n\000\040\000d\000u\000\040\000L\000e\000m\000m\000e\000\040\0003}{section.5}% 11
\BOOKMARK [1][-]{section.6}{\376\377\000A\000n\000a\000l\000y\000s\000e\000\040\000D\000i\000o\000p\000h\000a\000n\000t\000i\000e\000n\000n\000e\000\040\000P\000r\000o\000f\000o\000n\000d\000e\000\040\000-\000\040\000P\000a\000r\000t\000i\000e\000\040\0001}{}% 12
\BOOKMARK [2][-]{subsection.6.1}{\376\377\000C\000o\000n\000s\000i\000d\000\351\000r\000a\000t\000i\000o\000n\000s\000\040\000T\000o\000p\000o\000l\000o\000g\000i\000q\000u\000e\000s\000\040\000s\000u\000r\000\040\000l\000'\000E\000s\000p\000a\000c\000e\000\040\000d\000e\000s\000\040\000M\000o\000d\000u\000l\000e\000s\000\040\000-\000\040\000C\000a\000s\000\040\0001}{section.6}% 13
\BOOKMARK [1][-]{section.7}{\376\377\000A\000n\000a\000l\000y\000s\000e\000\040\000D\000i\000o\000p\000h\000a\000n\000t\000i\000e\000n\000n\000e\000\040\000P\000r\000o\000f\000o\000n\000d\000e\000\040\000-\000\040\000P\000a\000r\000t\000i\000e\000\040\0002}{}% 14
\BOOKMARK [2][-]{subsection.7.1}{\376\377\000C\000o\000n\000s\000i\000d\000\351\000r\000a\000t\000i\000o\000n\000s\000\040\000T\000o\000p\000o\000l\000o\000g\000i\000q\000u\000e\000s\000\040\000s\000u\000r\000\040\000l\000'\000E\000s\000p\000a\000c\000e\000\040\000d\000e\000s\000\040\000M\000o\000d\000u\000l\000e\000s\000\040\000-\000\040\000C\000a\000s\000\040\0002}{section.7}% 15
\BOOKMARK [1][-]{section.8}{\376\377\000A\000n\000a\000l\000y\000s\000e\000\040\000D\000i\000o\000p\000h\000a\000n\000t\000i\000e\000n\000n\000e\000\040\000P\000r\000o\000f\000o\000n\000d\000e\000\040\000-\000\040\000P\000a\000r\000t\000i\000e\000\040\0003}{}% 16
\BOOKMARK [2][-]{subsection.8.1}{\376\377\000C\000o\000n\000s\000i\000d\000\351\000r\000a\000t\000i\000o\000n\000s\000\040\000T\000o\000p\000o\000l\000o\000g\000i\000q\000u\000e\000s\000\040\000s\000u\000r\000\040\000l\000'\000E\000s\000p\000a\000c\000e\000\040\000d\000e\000s\000\040\000M\000o\000d\000u\000l\000e\000s\000\040\000-\000\040\000C\000a\000s\000\040\0003}{section.8}% 17
\BOOKMARK [1][-]{section.9}{\376\377\000A\000n\000a\000l\000y\000s\000e\000\040\000D\000i\000o\000p\000h\000a\000n\000t\000i\000e\000n\000n\000e\000\040\000P\000r\000o\000f\000o\000n\000d\000e\000\040\000-\000\040\000P\000a\000r\000t\000i\000e\000\040\0004}{}% 18
\BOOKMARK [2][-]{subsection.9.1}{\376\377\000C\000o\000n\000s\000i\000d\000\351\000r\000a\000t\000i\000o\000n\000s\000\040\000T\000o\000p\000o\000l\000o\000g\000i\000q\000u\000e\000s\000\040\000s\000u\000r\000\040\000l\000'\000E\000s\000p\000a\000c\000e\000\040\000d\000e\000s\000\040\000M\000o\000d\000u\000l\000e\000s\000\040\000-\000\040\000C\000a\000s\000\040\0004}{section.9}% 19
\BOOKMARK [1][-]{section.10}{\376\377\000A\000n\000a\000l\000y\000s\000e\000\040\000D\000i\000o\000p\000h\000a\000n\000t\000i\000e\000n\000n\000e\000\040\000P\000r\000o\000f\000o\000n\000d\000e\000\040\000-\000\040\000P\000a\000r\000t\000i\000e\000\040\0005}{}% 20
\BOOKMARK [2][-]{subsection.10.1}{\376\377\000C\000o\000n\000s\000i\000d\000\351\000r\000a\000t\000i\000o\000n\000s\000\040\000T\000o\000p\000o\000l\000o\000g\000i\000q\000u\000e\000s\000\040\000s\000u\000r\000\040\000l\000'\000E\000s\000p\000a\000c\000e\000\040\000d\000e\000s\000\040\000M\000o\000d\000u\000l\000e\000s\000\040\000-\000\040\000C\000a\000s\000\040\0005}{section.10}% 21
\BOOKMARK [1][-]{section.11}{\376\377\000A\000n\000a\000l\000y\000s\000e\000\040\000D\000i\000o\000p\000h\000a\000n\000t\000i\000e\000n\000n\000e\000\040\000P\000r\000o\000f\000o\000n\000d\000e\000\040\000-\000\040\000P\000a\000r\000t\000i\000e\000\040\0006}{}% 22
\BOOKMARK [2][-]{subsection.11.1}{\376\377\000C\000o\000n\000s\000i\000d\000\351\000r\000a\000t\000i\000o\000n\000s\000\040\000T\000o\000p\000o\000l\000o\000g\000i\000q\000u\000e\000s\000\040\000s\000u\000r\000\040\000l\000'\000E\000s\000p\000a\000c\000e\000\040\000d\000e\000s\000\040\000M\000o\000d\000u\000l\000e\000s\000\040\000-\000\040\000C\000a\000s\000\040\0006}{section.11}% 23
\BOOKMARK [1][-]{section.12}{\376\377\000A\000n\000a\000l\000y\000s\000e\000\040\000D\000i\000o\000p\000h\000a\000n\000t\000i\000e\000n\000n\000e\000\040\000P\000r\000o\000f\000o\000n\000d\000e\000\040\000-\000\040\000P\000a\000r\000t\000i\000e\000\040\0007}{}% 24
\BOOKMARK [2][-]{subsection.12.1}{\376\377\000C\000o\000n\000s\000i\000d\000\351\000r\000a\000t\000i\000o\000n\000s\000\040\000T\000o\000p\000o\000l\000o\000g\000i\000q\000u\000e\000s\000\040\000s\000u\000r\000\040\000l\000'\000E\000s\000p\000a\000c\000e\000\040\000d\000e\000s\000\040\000M\000o\000d\000u\000l\000e\000s\000\040\000-\000\040\000C\000a\000s\000\040\0007}{section.12}% 25
\BOOKMARK [1][-]{section.13}{\376\377\000A\000n\000a\000l\000y\000s\000e\000\040\000D\000i\000o\000p\000h\000a\000n\000t\000i\000e\000n\000n\000e\000\040\000P\000r\000o\000f\000o\000n\000d\000e\000\040\000-\000\040\000P\000a\000r\000t\000i\000e\000\040\0008}{}% 26
\BOOKMARK [2][-]{subsection.13.1}{\376\377\000C\000o\000n\000s\000i\000d\000\351\000r\000a\000t\000i\000o\000n\000s\000\040\000T\000o\000p\000o\000l\000o\000g\000i\000q\000u\000e\000s\000\040\000s\000u\000r\000\040\000l\000'\000E\000s\000p\000a\000c\000e\000\040\000d\000e\000s\000\040\000M\000o\000d\000u\000l\000e\000s\000\040\000-\000\040\000C\000a\000s\000\040\0008}{section.13}% 27
\BOOKMARK [1][-]{section.14}{\376\377\000A\000n\000a\000l\000y\000s\000e\000\040\000D\000i\000o\000p\000h\000a\000n\000t\000i\000e\000n\000n\000e\000\040\000P\000r\000o\000f\000o\000n\000d\000e\000\040\000-\000\040\000P\000a\000r\000t\000i\000e\000\040\0009}{}% 28
\BOOKMARK [2][-]{subsection.14.1}{\376\377\000C\000o\000n\000s\000i\000d\000\351\000r\000a\000t\000i\000o\000n\000s\000\040\000T\000o\000p\000o\000l\000o\000g\000i\000q\000u\000e\000s\000\040\000s\000u\000r\000\040\000l\000'\000E\000s\000p\000a\000c\000e\000\040\000d\000e\000s\000\040\000M\000o\000d\000u\000l\000e\000s\000\040\000-\000\040\000C\000a\000s\000\040\0009}{section.14}% 29
\BOOKMARK [1][-]{section.15}{\376\377\0005\000.\000\040\000A\000r\000c\000h\000i\000t\000e\000c\000t\000u\000r\000e\000\040\000p\000o\000u\000r\000\040\000l\000'\000A\000u\000t\000o\000f\000o\000r\000m\000a\000l\000i\000s\000a\000t\000i\000o\000n\000\040\000\050\000L\000e\000a\000n\000\040\0004\000\051}{}% 30
\BOOKMARK [1][-]{section.16}{\376\377\000C\000o\000n\000c\000l\000u\000s\000i\000o\000n}{}% 31
