\BOOKMARK [1][-]{section.1}{\376\377\000A\000n\000a\000l\000y\000s\000e\000\040\000e\000t\000\040\000D\000\351\000c\000o\000m\000p\000o\000s\000i\000t\000i\000o\000n\000\040\000A\000x\000i\000o\000m\000a\000t\000i\000q\000u\000e}{}% 1
\BOOKMARK [1][-]{section.2}{\376\377\000L\000i\000t\000t\000\351\000r\000a\000t\000u\000r\000e\000\040\000C\000o\000n\000t\000e\000x\000t\000u\000e\000l\000l\000e}{}% 2
\BOOKMARK [1][-]{section.3}{\376\377\000S\000t\000r\000a\000t\000\351\000g\000i\000e\000\040\000d\000e\000\040\000P\000r\000e\000u\000v\000e\000\040\000e\000t\000\040\000I\000s\000o\000l\000a\000t\000i\000o\000n\000\040\000d\000e\000s\000\040\000L\000e\000m\000m\000e\000s}{}% 3
\BOOKMARK [1][-]{section.4}{\376\377\000D\000\351\000m\000o\000n\000s\000t\000r\000a\000t\000i\000o\000n\000\040\000I\000n\000f\000o\000r\000m\000e\000l\000l\000e\000\040\000\050\000Z\000\351\000r\000o\000\040\000E\000l\000l\000i\000p\000s\000e\000\051}{}% 4
\BOOKMARK [2][-]{subsection.4.1}{\376\377\000L\000e\000m\000m\000e\000\040\0001\000\040\000:\000\040\000F\000o\000r\000m\000e\000s\000\040\000d\000e\000\040\000c\000o\000n\000g\000r\000u\000e\000n\000c\000e\000\040\000f\000o\000n\000d\000a\000m\000e\000n\000t\000a\000l\000e\000s}{section.4}% 5
\BOOKMARK [2][-]{subsection.4.2}{\376\377\000L\000e\000m\000m\000e\000\040\0002\000\040\000:\000\040\000D\000e\000n\000s\000i\000t\000\351\000\040\000a\000s\000y\000m\000p\000t\000o\000t\000i\000q\000u\000e\000\040\000d\000e\000s\000\040\000s\000o\000l\000u\000t\000i\000o\000n\000s}{section.4}% 6
\BOOKMARK [2][-]{subsection.4.3}{\376\377\000L\000e\000m\000m\000e\000\040\0003\000\040\000:\000\040\000M\000\351\000t\000h\000o\000d\000o\000l\000o\000g\000i\000e\000\040\000c\000o\000n\000s\000t\000r\000u\000c\000t\000i\000v\000e\000\040\000d\000'\000i\000d\000e\000n\000t\000i\000f\000i\000c\000a\000t\000i\000o\000n\000\040\000d\000e\000\040\000t\000r\000i\000p\000l\000e\000t\000s}{section.4}% 7
\BOOKMARK [1][-]{section.5}{\376\377\000A\000r\000c\000h\000i\000t\000e\000c\000t\000u\000r\000e\000\040\000d\000'\000A\000u\000t\000o\000f\000o\000r\000m\000a\000l\000i\000s\000a\000t\000i\000o\000n\000\040\000\050\000L\000e\000a\000n\000\040\0004\000\051}{}% 8
\BOOKMARK [1][-]{section.6}{\376\377\000D\000\351\000m\000o\000n\000s\000t\000r\000a\000t\000i\000o\000n\000s\000\040\000C\000o\000n\000s\000t\000r\000u\000c\000t\000i\000v\000e\000s\000\040\000E\000x\000p\000l\000i\000c\000i\000t\000e\000s\000\040\000p\000o\000u\000r\000\040\000l\000e\000s\000\040\000E\000n\000t\000i\000e\000r\000s\000\040\000I\000n\000i\000t\000i\000a\000u\000x}{}% 9
\BOOKMARK [2][-]{subsection.6.1}{\376\377\000D\000\351\000m\000o\000n\000s\000t\000r\000a\000t\000i\000o\000n\000\040\000p\000o\000u\000r\000\040\000n\000\040\000=\000\040\0002}{section.6}% 10
\BOOKMARK [2][-]{subsection.6.2}{\376\377\000D\000\351\000m\000o\000n\000s\000t\000r\000a\000t\000i\000o\000n\000\040\000p\000o\000u\000r\000\040\000n\000\040\000=\000\040\0003}{section.6}% 11
\BOOKMARK [2][-]{subsection.6.3}{\376\377\000D\000\351\000m\000o\000n\000s\000t\000r\000a\000t\000i\000o\000n\000\040\000p\000o\000u\000r\000\040\000n\000\040\000=\000\040\0004}{section.6}% 12
\BOOKMARK [2][-]{subsection.6.4}{\376\377\000D\000\351\000m\000o\000n\000s\000t\000r\000a\000t\000i\000o\000n\000\040\000p\000o\000u\000r\000\040\000n\000\040\000=\000\040\0005}{section.6}% 13
\BOOKMARK [2][-]{subsection.6.5}{\376\377\000D\000\351\000m\000o\000n\000s\000t\000r\000a\000t\000i\000o\000n\000\040\000p\000o\000u\000r\000\040\000n\000\040\000=\000\040\0006}{section.6}% 14
\BOOKMARK [2][-]{subsection.6.6}{\376\377\000D\000\351\000m\000o\000n\000s\000t\000r\000a\000t\000i\000o\000n\000\040\000p\000o\000u\000r\000\040\000n\000\040\000=\000\040\0007}{section.6}% 15
\BOOKMARK [2][-]{subsection.6.7}{\376\377\000D\000\351\000m\000o\000n\000s\000t\000r\000a\000t\000i\000o\000n\000\040\000p\000o\000u\000r\000\040\000n\000\040\000=\000\040\0008}{section.6}% 16
\BOOKMARK [2][-]{subsection.6.8}{\376\377\000D\000\351\000m\000o\000n\000s\000t\000r\000a\000t\000i\000o\000n\000\040\000p\000o\000u\000r\000\040\000n\000\040\000=\000\040\0009}{section.6}% 17
\BOOKMARK [2][-]{subsection.6.9}{\376\377\000D\000\351\000m\000o\000n\000s\000t\000r\000a\000t\000i\000o\000n\000\040\000p\000o\000u\000r\000\040\000n\000\040\000=\000\040\0001\0000}{section.6}% 18
\BOOKMARK [2][-]{subsection.6.10}{\376\377\000D\000\351\000m\000o\000n\000s\000t\000r\000a\000t\000i\000o\000n\000\040\000p\000o\000u\000r\000\040\000n\000\040\000=\000\040\0001\0001}{section.6}% 19
\BOOKMARK [2][-]{subsection.6.11}{\376\377\000D\000\351\000m\000o\000n\000s\000t\000r\000a\000t\000i\000o\000n\000\040\000p\000o\000u\000r\000\040\000n\000\040\000=\000\040\0001\0002}{section.6}% 20
\BOOKMARK [2][-]{subsection.6.12}{\376\377\000D\000\351\000m\000o\000n\000s\000t\000r\000a\000t\000i\000o\000n\000\040\000p\000o\000u\000r\000\040\000n\000\040\000=\000\040\0001\0003}{section.6}% 21
\BOOKMARK [2][-]{subsection.6.13}{\376\377\000D\000\351\000m\000o\000n\000s\000t\000r\000a\000t\000i\000o\000n\000\040\000p\000o\000u\000r\000\040\000n\000\040\000=\000\040\0001\0004}{section.6}% 22
\BOOKMARK [2][-]{subsection.6.14}{\376\377\000D\000\351\000m\000o\000n\000s\000t\000r\000a\000t\000i\000o\000n\000\040\000p\000o\000u\000r\000\040\000n\000\040\000=\000\040\0001\0005}{section.6}% 23
\BOOKMARK [2][-]{subsection.6.15}{\376\377\000D\000\351\000m\000o\000n\000s\000t\000r\000a\000t\000i\000o\000n\000\040\000p\000o\000u\000r\000\040\000n\000\040\000=\000\040\0001\0006}{section.6}% 24
\BOOKMARK [2][-]{subsection.6.16}{\376\377\000D\000\351\000m\000o\000n\000s\000t\000r\000a\000t\000i\000o\000n\000\040\000p\000o\000u\000r\000\040\000n\000\040\000=\000\040\0001\0007}{section.6}% 25
\BOOKMARK [2][-]{subsection.6.17}{\376\377\000D\000\351\000m\000o\000n\000s\000t\000r\000a\000t\000i\000o\000n\000\040\000p\000o\000u\000r\000\040\000n\000\040\000=\000\040\0001\0008}{section.6}% 26
\BOOKMARK [2][-]{subsection.6.18}{\376\377\000D\000\351\000m\000o\000n\000s\000t\000r\000a\000t\000i\000o\000n\000\040\000p\000o\000u\000r\000\040\000n\000\040\000=\000\040\0001\0009}{section.6}% 27
\BOOKMARK [2][-]{subsection.6.19}{\376\377\000D\000\351\000m\000o\000n\000s\000t\000r\000a\000t\000i\000o\000n\000\040\000p\000o\000u\000r\000\040\000n\000\040\000=\000\040\0002\0000}{section.6}% 28
\BOOKMARK [2][-]{subsection.6.20}{\376\377\000D\000\351\000m\000o\000n\000s\000t\000r\000a\000t\000i\000o\000n\000\040\000p\000o\000u\000r\000\040\000n\000\040\000=\000\040\0002\0001}{section.6}% 29
\BOOKMARK [2][-]{subsection.6.21}{\376\377\000D\000\351\000m\000o\000n\000s\000t\000r\000a\000t\000i\000o\000n\000\040\000p\000o\000u\000r\000\040\000n\000\040\000=\000\040\0002\0002}{section.6}% 30
\BOOKMARK [2][-]{subsection.6.22}{\376\377\000D\000\351\000m\000o\000n\000s\000t\000r\000a\000t\000i\000o\000n\000\040\000p\000o\000u\000r\000\040\000n\000\040\000=\000\040\0002\0003}{section.6}% 31
\BOOKMARK [2][-]{subsection.6.23}{\376\377\000D\000\351\000m\000o\000n\000s\000t\000r\000a\000t\000i\000o\000n\000\040\000p\000o\000u\000r\000\040\000n\000\040\000=\000\040\0002\0004}{section.6}% 32
\BOOKMARK [2][-]{subsection.6.24}{\376\377\000D\000\351\000m\000o\000n\000s\000t\000r\000a\000t\000i\000o\000n\000\040\000p\000o\000u\000r\000\040\000n\000\040\000=\000\040\0002\0005}{section.6}% 33
\BOOKMARK [2][-]{subsection.6.25}{\376\377\000D\000\351\000m\000o\000n\000s\000t\000r\000a\000t\000i\000o\000n\000\040\000p\000o\000u\000r\000\040\000n\000\040\000=\000\040\0002\0006}{section.6}% 34
\BOOKMARK [2][-]{subsection.6.26}{\376\377\000D\000\351\000m\000o\000n\000s\000t\000r\000a\000t\000i\000o\000n\000\040\000p\000o\000u\000r\000\040\000n\000\040\000=\000\040\0002\0007}{section.6}% 35
\BOOKMARK [2][-]{subsection.6.27}{\376\377\000D\000\351\000m\000o\000n\000s\000t\000r\000a\000t\000i\000o\000n\000\040\000p\000o\000u\000r\000\040\000n\000\040\000=\000\040\0002\0008}{section.6}% 36
\BOOKMARK [2][-]{subsection.6.28}{\376\377\000D\000\351\000m\000o\000n\000s\000t\000r\000a\000t\000i\000o\000n\000\040\000p\000o\000u\000r\000\040\000n\000\040\000=\000\040\0002\0009}{section.6}% 37
\BOOKMARK [2][-]{subsection.6.29}{\376\377\000D\000\351\000m\000o\000n\000s\000t\000r\000a\000t\000i\000o\000n\000\040\000p\000o\000u\000r\000\040\000n\000\040\000=\000\040\0003\0000}{section.6}% 38
\BOOKMARK [2][-]{subsection.6.30}{\376\377\000D\000\351\000m\000o\000n\000s\000t\000r\000a\000t\000i\000o\000n\000\040\000p\000o\000u\000r\000\040\000n\000\040\000=\000\040\0003\0001}{section.6}% 39
\BOOKMARK [2][-]{subsection.6.31}{\376\377\000D\000\351\000m\000o\000n\000s\000t\000r\000a\000t\000i\000o\000n\000\040\000p\000o\000u\000r\000\040\000n\000\040\000=\000\040\0003\0002}{section.6}% 40
\BOOKMARK [2][-]{subsection.6.32}{\376\377\000D\000\351\000m\000o\000n\000s\000t\000r\000a\000t\000i\000o\000n\000\040\000p\000o\000u\000r\000\040\000n\000\040\000=\000\040\0003\0003}{section.6}% 41
\BOOKMARK [2][-]{subsection.6.33}{\376\377\000D\000\351\000m\000o\000n\000s\000t\000r\000a\000t\000i\000o\000n\000\040\000p\000o\000u\000r\000\040\000n\000\040\000=\000\040\0003\0004}{section.6}% 42
\BOOKMARK [2][-]{subsection.6.34}{\376\377\000D\000\351\000m\000o\000n\000s\000t\000r\000a\000t\000i\000o\000n\000\040\000p\000o\000u\000r\000\040\000n\000\040\000=\000\040\0003\0005}{section.6}% 43
\BOOKMARK [2][-]{subsection.6.35}{\376\377\000D\000\351\000m\000o\000n\000s\000t\000r\000a\000t\000i\000o\000n\000\040\000p\000o\000u\000r\000\040\000n\000\040\000=\000\040\0003\0006}{section.6}% 44
\BOOKMARK [2][-]{subsection.6.36}{\376\377\000D\000\351\000m\000o\000n\000s\000t\000r\000a\000t\000i\000o\000n\000\040\000p\000o\000u\000r\000\040\000n\000\040\000=\000\040\0003\0007}{section.6}% 45
\BOOKMARK [2][-]{subsection.6.37}{\376\377\000D\000\351\000m\000o\000n\000s\000t\000r\000a\000t\000i\000o\000n\000\040\000p\000o\000u\000r\000\040\000n\000\040\000=\000\040\0003\0008}{section.6}% 46
\BOOKMARK [2][-]{subsection.6.38}{\376\377\000D\000\351\000m\000o\000n\000s\000t\000r\000a\000t\000i\000o\000n\000\040\000p\000o\000u\000r\000\040\000n\000\040\000=\000\040\0003\0009}{section.6}% 47
\BOOKMARK [2][-]{subsection.6.39}{\376\377\000D\000\351\000m\000o\000n\000s\000t\000r\000a\000t\000i\000o\000n\000\040\000p\000o\000u\000r\000\040\000n\000\040\000=\000\040\0004\0000}{section.6}% 48
\BOOKMARK [2][-]{subsection.6.40}{\376\377\000D\000\351\000m\000o\000n\000s\000t\000r\000a\000t\000i\000o\000n\000\040\000p\000o\000u\000r\000\040\000n\000\040\000=\000\040\0004\0001}{section.6}% 49
\BOOKMARK [2][-]{subsection.6.41}{\376\377\000D\000\351\000m\000o\000n\000s\000t\000r\000a\000t\000i\000o\000n\000\040\000p\000o\000u\000r\000\040\000n\000\040\000=\000\040\0004\0002}{section.6}% 50
\BOOKMARK [2][-]{subsection.6.42}{\376\377\000D\000\351\000m\000o\000n\000s\000t\000r\000a\000t\000i\000o\000n\000\040\000p\000o\000u\000r\000\040\000n\000\040\000=\000\040\0004\0003}{section.6}% 51
\BOOKMARK [2][-]{subsection.6.43}{\376\377\000D\000\351\000m\000o\000n\000s\000t\000r\000a\000t\000i\000o\000n\000\040\000p\000o\000u\000r\000\040\000n\000\040\000=\000\040\0004\0004}{section.6}% 52
\BOOKMARK [2][-]{subsection.6.44}{\376\377\000D\000\351\000m\000o\000n\000s\000t\000r\000a\000t\000i\000o\000n\000\040\000p\000o\000u\000r\000\040\000n\000\040\000=\000\040\0004\0005}{section.6}% 53
\BOOKMARK [2][-]{subsection.6.45}{\376\377\000D\000\351\000m\000o\000n\000s\000t\000r\000a\000t\000i\000o\000n\000\040\000p\000o\000u\000r\000\040\000n\000\040\000=\000\040\0004\0006}{section.6}% 54
\BOOKMARK [2][-]{subsection.6.46}{\376\377\000D\000\351\000m\000o\000n\000s\000t\000r\000a\000t\000i\000o\000n\000\040\000p\000o\000u\000r\000\040\000n\000\040\000=\000\040\0004\0007}{section.6}% 55
\BOOKMARK [2][-]{subsection.6.47}{\376\377\000D\000\351\000m\000o\000n\000s\000t\000r\000a\000t\000i\000o\000n\000\040\000p\000o\000u\000r\000\040\000n\000\040\000=\000\040\0004\0008}{section.6}% 56
\BOOKMARK [2][-]{subsection.6.48}{\376\377\000D\000\351\000m\000o\000n\000s\000t\000r\000a\000t\000i\000o\000n\000\040\000p\000o\000u\000r\000\040\000n\000\040\000=\000\040\0004\0009}{section.6}% 57
\BOOKMARK [2][-]{subsection.6.49}{\376\377\000D\000\351\000m\000o\000n\000s\000t\000r\000a\000t\000i\000o\000n\000\040\000p\000o\000u\000r\000\040\000n\000\040\000=\000\040\0005\0000}{section.6}% 58
\BOOKMARK [2][-]{subsection.6.50}{\376\377\000D\000\351\000m\000o\000n\000s\000t\000r\000a\000t\000i\000o\000n\000\040\000p\000o\000u\000r\000\040\000n\000\040\000=\000\040\0005\0001}{section.6}% 59
\BOOKMARK [2][-]{subsection.6.51}{\376\377\000D\000\351\000m\000o\000n\000s\000t\000r\000a\000t\000i\000o\000n\000\040\000p\000o\000u\000r\000\040\000n\000\040\000=\000\040\0005\0002}{section.6}% 60
\BOOKMARK [2][-]{subsection.6.52}{\376\377\000D\000\351\000m\000o\000n\000s\000t\000r\000a\000t\000i\000o\000n\000\040\000p\000o\000u\000r\000\040\000n\000\040\000=\000\040\0005\0003}{section.6}% 61
\BOOKMARK [2][-]{subsection.6.53}{\376\377\000D\000\351\000m\000o\000n\000s\000t\000r\000a\000t\000i\000o\000n\000\040\000p\000o\000u\000r\000\040\000n\000\040\000=\000\040\0005\0004}{section.6}% 62
\BOOKMARK [2][-]{subsection.6.54}{\376\377\000D\000\351\000m\000o\000n\000s\000t\000r\000a\000t\000i\000o\000n\000\040\000p\000o\000u\000r\000\040\000n\000\040\000=\000\040\0005\0005}{section.6}% 63
\BOOKMARK [2][-]{subsection.6.55}{\376\377\000D\000\351\000m\000o\000n\000s\000t\000r\000a\000t\000i\000o\000n\000\040\000p\000o\000u\000r\000\040\000n\000\040\000=\000\040\0005\0006}{section.6}% 64
\BOOKMARK [2][-]{subsection.6.56}{\376\377\000D\000\351\000m\000o\000n\000s\000t\000r\000a\000t\000i\000o\000n\000\040\000p\000o\000u\000r\000\040\000n\000\040\000=\000\040\0005\0007}{section.6}% 65
\BOOKMARK [2][-]{subsection.6.57}{\376\377\000D\000\351\000m\000o\000n\000s\000t\000r\000a\000t\000i\000o\000n\000\040\000p\000o\000u\000r\000\040\000n\000\040\000=\000\040\0005\0008}{section.6}% 66
\BOOKMARK [2][-]{subsection.6.58}{\376\377\000D\000\351\000m\000o\000n\000s\000t\000r\000a\000t\000i\000o\000n\000\040\000p\000o\000u\000r\000\040\000n\000\040\000=\000\040\0005\0009}{section.6}% 67
\BOOKMARK [2][-]{subsection.6.59}{\376\377\000D\000\351\000m\000o\000n\000s\000t\000r\000a\000t\000i\000o\000n\000\040\000p\000o\000u\000r\000\040\000n\000\040\000=\000\040\0006\0000}{section.6}% 68
\BOOKMARK [2][-]{subsection.6.60}{\376\377\000D\000\351\000m\000o\000n\000s\000t\000r\000a\000t\000i\000o\000n\000\040\000p\000o\000u\000r\000\040\000n\000\040\000=\000\040\0006\0001}{section.6}% 69
\BOOKMARK [2][-]{subsection.6.61}{\376\377\000D\000\351\000m\000o\000n\000s\000t\000r\000a\000t\000i\000o\000n\000\040\000p\000o\000u\000r\000\040\000n\000\040\000=\000\040\0006\0002}{section.6}% 70
\BOOKMARK [2][-]{subsection.6.62}{\376\377\000D\000\351\000m\000o\000n\000s\000t\000r\000a\000t\000i\000o\000n\000\040\000p\000o\000u\000r\000\040\000n\000\040\000=\000\040\0006\0003}{section.6}% 71
\BOOKMARK [2][-]{subsection.6.63}{\376\377\000D\000\351\000m\000o\000n\000s\000t\000r\000a\000t\000i\000o\000n\000\040\000p\000o\000u\000r\000\040\000n\000\040\000=\000\040\0006\0004}{section.6}% 72
\BOOKMARK [2][-]{subsection.6.64}{\376\377\000D\000\351\000m\000o\000n\000s\000t\000r\000a\000t\000i\000o\000n\000\040\000p\000o\000u\000r\000\040\000n\000\040\000=\000\040\0006\0005}{section.6}% 73
\BOOKMARK [2][-]{subsection.6.65}{\376\377\000D\000\351\000m\000o\000n\000s\000t\000r\000a\000t\000i\000o\000n\000\040\000p\000o\000u\000r\000\040\000n\000\040\000=\000\040\0006\0006}{section.6}% 74
\BOOKMARK [2][-]{subsection.6.66}{\376\377\000D\000\351\000m\000o\000n\000s\000t\000r\000a\000t\000i\000o\000n\000\040\000p\000o\000u\000r\000\040\000n\000\040\000=\000\040\0006\0007}{section.6}% 75
\BOOKMARK [2][-]{subsection.6.67}{\376\377\000D\000\351\000m\000o\000n\000s\000t\000r\000a\000t\000i\000o\000n\000\040\000p\000o\000u\000r\000\040\000n\000\040\000=\000\040\0006\0008}{section.6}% 76
\BOOKMARK [2][-]{subsection.6.68}{\376\377\000D\000\351\000m\000o\000n\000s\000t\000r\000a\000t\000i\000o\000n\000\040\000p\000o\000u\000r\000\040\000n\000\040\000=\000\040\0006\0009}{section.6}% 77
\BOOKMARK [2][-]{subsection.6.69}{\376\377\000D\000\351\000m\000o\000n\000s\000t\000r\000a\000t\000i\000o\000n\000\040\000p\000o\000u\000r\000\040\000n\000\040\000=\000\040\0007\0000}{section.6}% 78
\BOOKMARK [2][-]{subsection.6.70}{\376\377\000D\000\351\000m\000o\000n\000s\000t\000r\000a\000t\000i\000o\000n\000\040\000p\000o\000u\000r\000\040\000n\000\040\000=\000\040\0007\0001}{section.6}% 79
\BOOKMARK [2][-]{subsection.6.71}{\376\377\000D\000\351\000m\000o\000n\000s\000t\000r\000a\000t\000i\000o\000n\000\040\000p\000o\000u\000r\000\040\000n\000\040\000=\000\040\0007\0002}{section.6}% 80
\BOOKMARK [2][-]{subsection.6.72}{\376\377\000D\000\351\000m\000o\000n\000s\000t\000r\000a\000t\000i\000o\000n\000\040\000p\000o\000u\000r\000\040\000n\000\040\000=\000\040\0007\0003}{section.6}% 81
\BOOKMARK [2][-]{subsection.6.73}{\376\377\000D\000\351\000m\000o\000n\000s\000t\000r\000a\000t\000i\000o\000n\000\040\000p\000o\000u\000r\000\040\000n\000\040\000=\000\040\0007\0004}{section.6}% 82
\BOOKMARK [2][-]{subsection.6.74}{\376\377\000D\000\351\000m\000o\000n\000s\000t\000r\000a\000t\000i\000o\000n\000\040\000p\000o\000u\000r\000\040\000n\000\040\000=\000\040\0007\0005}{section.6}% 83
\BOOKMARK [2][-]{subsection.6.75}{\376\377\000D\000\351\000m\000o\000n\000s\000t\000r\000a\000t\000i\000o\000n\000\040\000p\000o\000u\000r\000\040\000n\000\040\000=\000\040\0007\0006}{section.6}% 84
\BOOKMARK [2][-]{subsection.6.76}{\376\377\000D\000\351\000m\000o\000n\000s\000t\000r\000a\000t\000i\000o\000n\000\040\000p\000o\000u\000r\000\040\000n\000\040\000=\000\040\0007\0007}{section.6}% 85
\BOOKMARK [2][-]{subsection.6.77}{\376\377\000D\000\351\000m\000o\000n\000s\000t\000r\000a\000t\000i\000o\000n\000\040\000p\000o\000u\000r\000\040\000n\000\040\000=\000\040\0007\0008}{section.6}% 86
\BOOKMARK [2][-]{subsection.6.78}{\376\377\000D\000\351\000m\000o\000n\000s\000t\000r\000a\000t\000i\000o\000n\000\040\000p\000o\000u\000r\000\040\000n\000\040\000=\000\040\0007\0009}{section.6}% 87
\BOOKMARK [2][-]{subsection.6.79}{\376\377\000D\000\351\000m\000o\000n\000s\000t\000r\000a\000t\000i\000o\000n\000\040\000p\000o\000u\000r\000\040\000n\000\040\000=\000\040\0008\0000}{section.6}% 88
\BOOKMARK [2][-]{subsection.6.80}{\376\377\000D\000\351\000m\000o\000n\000s\000t\000r\000a\000t\000i\000o\000n\000\040\000p\000o\000u\000r\000\040\000n\000\040\000=\000\040\0008\0001}{section.6}% 89
\BOOKMARK [2][-]{subsection.6.81}{\376\377\000D\000\351\000m\000o\000n\000s\000t\000r\000a\000t\000i\000o\000n\000\040\000p\000o\000u\000r\000\040\000n\000\040\000=\000\040\0008\0002}{section.6}% 90
\BOOKMARK [2][-]{subsection.6.82}{\376\377\000D\000\351\000m\000o\000n\000s\000t\000r\000a\000t\000i\000o\000n\000\040\000p\000o\000u\000r\000\040\000n\000\040\000=\000\040\0008\0003}{section.6}% 91
\BOOKMARK [2][-]{subsection.6.83}{\376\377\000D\000\351\000m\000o\000n\000s\000t\000r\000a\000t\000i\000o\000n\000\040\000p\000o\000u\000r\000\040\000n\000\040\000=\000\040\0008\0004}{section.6}% 92
\BOOKMARK [2][-]{subsection.6.84}{\376\377\000D\000\351\000m\000o\000n\000s\000t\000r\000a\000t\000i\000o\000n\000\040\000p\000o\000u\000r\000\040\000n\000\040\000=\000\040\0008\0005}{section.6}% 93
\BOOKMARK [2][-]{subsection.6.85}{\376\377\000D\000\351\000m\000o\000n\000s\000t\000r\000a\000t\000i\000o\000n\000\040\000p\000o\000u\000r\000\040\000n\000\040\000=\000\040\0008\0006}{section.6}% 94
\BOOKMARK [2][-]{subsection.6.86}{\376\377\000D\000\351\000m\000o\000n\000s\000t\000r\000a\000t\000i\000o\000n\000\040\000p\000o\000u\000r\000\040\000n\000\040\000=\000\040\0008\0007}{section.6}% 95
\BOOKMARK [2][-]{subsection.6.87}{\376\377\000D\000\351\000m\000o\000n\000s\000t\000r\000a\000t\000i\000o\000n\000\040\000p\000o\000u\000r\000\040\000n\000\040\000=\000\040\0008\0008}{section.6}% 96
\BOOKMARK [2][-]{subsection.6.88}{\376\377\000D\000\351\000m\000o\000n\000s\000t\000r\000a\000t\000i\000o\000n\000\040\000p\000o\000u\000r\000\040\000n\000\040\000=\000\040\0008\0009}{section.6}% 97
\BOOKMARK [2][-]{subsection.6.89}{\376\377\000D\000\351\000m\000o\000n\000s\000t\000r\000a\000t\000i\000o\000n\000\040\000p\000o\000u\000r\000\040\000n\000\040\000=\000\040\0009\0000}{section.6}% 98
\BOOKMARK [2][-]{subsection.6.90}{\376\377\000D\000\351\000m\000o\000n\000s\000t\000r\000a\000t\000i\000o\000n\000\040\000p\000o\000u\000r\000\040\000n\000\040\000=\000\040\0009\0001}{section.6}% 99
\BOOKMARK [2][-]{subsection.6.91}{\376\377\000D\000\351\000m\000o\000n\000s\000t\000r\000a\000t\000i\000o\000n\000\040\000p\000o\000u\000r\000\040\000n\000\040\000=\000\040\0009\0002}{section.6}% 100
\BOOKMARK [2][-]{subsection.6.92}{\376\377\000D\000\351\000m\000o\000n\000s\000t\000r\000a\000t\000i\000o\000n\000\040\000p\000o\000u\000r\000\040\000n\000\040\000=\000\040\0009\0003}{section.6}% 101
\BOOKMARK [2][-]{subsection.6.93}{\376\377\000D\000\351\000m\000o\000n\000s\000t\000r\000a\000t\000i\000o\000n\000\040\000p\000o\000u\000r\000\040\000n\000\040\000=\000\040\0009\0004}{section.6}% 102
\BOOKMARK [2][-]{subsection.6.94}{\376\377\000D\000\351\000m\000o\000n\000s\000t\000r\000a\000t\000i\000o\000n\000\040\000p\000o\000u\000r\000\040\000n\000\040\000=\000\040\0009\0005}{section.6}% 103
\BOOKMARK [2][-]{subsection.6.95}{\376\377\000D\000\351\000m\000o\000n\000s\000t\000r\000a\000t\000i\000o\000n\000\040\000p\000o\000u\000r\000\040\000n\000\040\000=\000\040\0009\0006}{section.6}% 104
\BOOKMARK [2][-]{subsection.6.96}{\376\377\000D\000\351\000m\000o\000n\000s\000t\000r\000a\000t\000i\000o\000n\000\040\000p\000o\000u\000r\000\040\000n\000\040\000=\000\040\0009\0007}{section.6}% 105
\BOOKMARK [2][-]{subsection.6.97}{\376\377\000D\000\351\000m\000o\000n\000s\000t\000r\000a\000t\000i\000o\000n\000\040\000p\000o\000u\000r\000\040\000n\000\040\000=\000\040\0009\0008}{section.6}% 106
\BOOKMARK [2][-]{subsection.6.98}{\376\377\000D\000\351\000m\000o\000n\000s\000t\000r\000a\000t\000i\000o\000n\000\040\000p\000o\000u\000r\000\040\000n\000\040\000=\000\040\0009\0009}{section.6}% 107
\BOOKMARK [2][-]{subsection.6.99}{\376\377\000D\000\351\000m\000o\000n\000s\000t\000r\000a\000t\000i\000o\000n\000\040\000p\000o\000u\000r\000\040\000n\000\040\000=\000\040\0001\0000\0000}{section.6}% 108
\BOOKMARK [2][-]{subsection.6.100}{\376\377\000D\000\351\000m\000o\000n\000s\000t\000r\000a\000t\000i\000o\000n\000\040\000p\000o\000u\000r\000\040\000n\000\040\000=\000\040\0001\0000\0001}{section.6}% 109
\BOOKMARK [2][-]{subsection.6.101}{\376\377\000D\000\351\000m\000o\000n\000s\000t\000r\000a\000t\000i\000o\000n\000\040\000p\000o\000u\000r\000\040\000n\000\040\000=\000\040\0001\0000\0002}{section.6}% 110
\BOOKMARK [2][-]{subsection.6.102}{\376\377\000D\000\351\000m\000o\000n\000s\000t\000r\000a\000t\000i\000o\000n\000\040\000p\000o\000u\000r\000\040\000n\000\040\000=\000\040\0001\0000\0003}{section.6}% 111
\BOOKMARK [2][-]{subsection.6.103}{\376\377\000D\000\351\000m\000o\000n\000s\000t\000r\000a\000t\000i\000o\000n\000\040\000p\000o\000u\000r\000\040\000n\000\040\000=\000\040\0001\0000\0004}{section.6}% 112
\BOOKMARK [2][-]{subsection.6.104}{\376\377\000D\000\351\000m\000o\000n\000s\000t\000r\000a\000t\000i\000o\000n\000\040\000p\000o\000u\000r\000\040\000n\000\040\000=\000\040\0001\0000\0005}{section.6}% 113
\BOOKMARK [2][-]{subsection.6.105}{\376\377\000D\000\351\000m\000o\000n\000s\000t\000r\000a\000t\000i\000o\000n\000\040\000p\000o\000u\000r\000\040\000n\000\040\000=\000\040\0001\0000\0006}{section.6}% 114
\BOOKMARK [2][-]{subsection.6.106}{\376\377\000D\000\351\000m\000o\000n\000s\000t\000r\000a\000t\000i\000o\000n\000\040\000p\000o\000u\000r\000\040\000n\000\040\000=\000\040\0001\0000\0007}{section.6}% 115
\BOOKMARK [2][-]{subsection.6.107}{\376\377\000D\000\351\000m\000o\000n\000s\000t\000r\000a\000t\000i\000o\000n\000\040\000p\000o\000u\000r\000\040\000n\000\040\000=\000\040\0001\0000\0008}{section.6}% 116
\BOOKMARK [2][-]{subsection.6.108}{\376\377\000D\000\351\000m\000o\000n\000s\000t\000r\000a\000t\000i\000o\000n\000\040\000p\000o\000u\000r\000\040\000n\000\040\000=\000\040\0001\0000\0009}{section.6}% 117
\BOOKMARK [2][-]{subsection.6.109}{\376\377\000D\000\351\000m\000o\000n\000s\000t\000r\000a\000t\000i\000o\000n\000\040\000p\000o\000u\000r\000\040\000n\000\040\000=\000\040\0001\0001\0000}{section.6}% 118
\BOOKMARK [2][-]{subsection.6.110}{\376\377\000D\000\351\000m\000o\000n\000s\000t\000r\000a\000t\000i\000o\000n\000\040\000p\000o\000u\000r\000\040\000n\000\040\000=\000\040\0001\0001\0001}{section.6}% 119
\BOOKMARK [2][-]{subsection.6.111}{\376\377\000D\000\351\000m\000o\000n\000s\000t\000r\000a\000t\000i\000o\000n\000\040\000p\000o\000u\000r\000\040\000n\000\040\000=\000\040\0001\0001\0002}{section.6}% 120
\BOOKMARK [2][-]{subsection.6.112}{\376\377\000D\000\351\000m\000o\000n\000s\000t\000r\000a\000t\000i\000o\000n\000\040\000p\000o\000u\000r\000\040\000n\000\040\000=\000\040\0001\0001\0003}{section.6}% 121
\BOOKMARK [2][-]{subsection.6.113}{\376\377\000D\000\351\000m\000o\000n\000s\000t\000r\000a\000t\000i\000o\000n\000\040\000p\000o\000u\000r\000\040\000n\000\040\000=\000\040\0001\0001\0004}{section.6}% 122
\BOOKMARK [2][-]{subsection.6.114}{\376\377\000D\000\351\000m\000o\000n\000s\000t\000r\000a\000t\000i\000o\000n\000\040\000p\000o\000u\000r\000\040\000n\000\040\000=\000\040\0001\0001\0005}{section.6}% 123
\BOOKMARK [2][-]{subsection.6.115}{\376\377\000D\000\351\000m\000o\000n\000s\000t\000r\000a\000t\000i\000o\000n\000\040\000p\000o\000u\000r\000\040\000n\000\040\000=\000\040\0001\0001\0006}{section.6}% 124
\BOOKMARK [2][-]{subsection.6.116}{\376\377\000D\000\351\000m\000o\000n\000s\000t\000r\000a\000t\000i\000o\000n\000\040\000p\000o\000u\000r\000\040\000n\000\040\000=\000\040\0001\0001\0007}{section.6}% 125
\BOOKMARK [2][-]{subsection.6.117}{\376\377\000D\000\351\000m\000o\000n\000s\000t\000r\000a\000t\000i\000o\000n\000\040\000p\000o\000u\000r\000\040\000n\000\040\000=\000\040\0001\0001\0008}{section.6}% 126
\BOOKMARK [2][-]{subsection.6.118}{\376\377\000D\000\351\000m\000o\000n\000s\000t\000r\000a\000t\000i\000o\000n\000\040\000p\000o\000u\000r\000\040\000n\000\040\000=\000\040\0001\0001\0009}{section.6}% 127
\BOOKMARK [2][-]{subsection.6.119}{\376\377\000D\000\351\000m\000o\000n\000s\000t\000r\000a\000t\000i\000o\000n\000\040\000p\000o\000u\000r\000\040\000n\000\040\000=\000\040\0001\0002\0000}{section.6}% 128
\BOOKMARK [2][-]{subsection.6.120}{\376\377\000D\000\351\000m\000o\000n\000s\000t\000r\000a\000t\000i\000o\000n\000\040\000p\000o\000u\000r\000\040\000n\000\040\000=\000\040\0001\0002\0001}{section.6}% 129
\BOOKMARK [2][-]{subsection.6.121}{\376\377\000D\000\351\000m\000o\000n\000s\000t\000r\000a\000t\000i\000o\000n\000\040\000p\000o\000u\000r\000\040\000n\000\040\000=\000\040\0001\0002\0002}{section.6}% 130
\BOOKMARK [2][-]{subsection.6.122}{\376\377\000D\000\351\000m\000o\000n\000s\000t\000r\000a\000t\000i\000o\000n\000\040\000p\000o\000u\000r\000\040\000n\000\040\000=\000\040\0001\0002\0003}{section.6}% 131
\BOOKMARK [2][-]{subsection.6.123}{\376\377\000D\000\351\000m\000o\000n\000s\000t\000r\000a\000t\000i\000o\000n\000\040\000p\000o\000u\000r\000\040\000n\000\040\000=\000\040\0001\0002\0004}{section.6}% 132
\BOOKMARK [2][-]{subsection.6.124}{\376\377\000D\000\351\000m\000o\000n\000s\000t\000r\000a\000t\000i\000o\000n\000\040\000p\000o\000u\000r\000\040\000n\000\040\000=\000\040\0001\0002\0005}{section.6}% 133
\BOOKMARK [2][-]{subsection.6.125}{\376\377\000D\000\351\000m\000o\000n\000s\000t\000r\000a\000t\000i\000o\000n\000\040\000p\000o\000u\000r\000\040\000n\000\040\000=\000\040\0001\0002\0006}{section.6}% 134
\BOOKMARK [2][-]{subsection.6.126}{\376\377\000D\000\351\000m\000o\000n\000s\000t\000r\000a\000t\000i\000o\000n\000\040\000p\000o\000u\000r\000\040\000n\000\040\000=\000\040\0001\0002\0007}{section.6}% 135
\BOOKMARK [2][-]{subsection.6.127}{\376\377\000D\000\351\000m\000o\000n\000s\000t\000r\000a\000t\000i\000o\000n\000\040\000p\000o\000u\000r\000\040\000n\000\040\000=\000\040\0001\0002\0008}{section.6}% 136
\BOOKMARK [2][-]{subsection.6.128}{\376\377\000D\000\351\000m\000o\000n\000s\000t\000r\000a\000t\000i\000o\000n\000\040\000p\000o\000u\000r\000\040\000n\000\040\000=\000\040\0001\0002\0009}{section.6}% 137
\BOOKMARK [2][-]{subsection.6.129}{\376\377\000D\000\351\000m\000o\000n\000s\000t\000r\000a\000t\000i\000o\000n\000\040\000p\000o\000u\000r\000\040\000n\000\040\000=\000\040\0001\0003\0000}{section.6}% 138
\BOOKMARK [2][-]{subsection.6.130}{\376\377\000D\000\351\000m\000o\000n\000s\000t\000r\000a\000t\000i\000o\000n\000\040\000p\000o\000u\000r\000\040\000n\000\040\000=\000\040\0001\0003\0001}{section.6}% 139
\BOOKMARK [2][-]{subsection.6.131}{\376\377\000D\000\351\000m\000o\000n\000s\000t\000r\000a\000t\000i\000o\000n\000\040\000p\000o\000u\000r\000\040\000n\000\040\000=\000\040\0001\0003\0002}{section.6}% 140
\BOOKMARK [2][-]{subsection.6.132}{\376\377\000D\000\351\000m\000o\000n\000s\000t\000r\000a\000t\000i\000o\000n\000\040\000p\000o\000u\000r\000\040\000n\000\040\000=\000\040\0001\0003\0003}{section.6}% 141
\BOOKMARK [2][-]{subsection.6.133}{\376\377\000D\000\351\000m\000o\000n\000s\000t\000r\000a\000t\000i\000o\000n\000\040\000p\000o\000u\000r\000\040\000n\000\040\000=\000\040\0001\0003\0004}{section.6}% 142
\BOOKMARK [2][-]{subsection.6.134}{\376\377\000D\000\351\000m\000o\000n\000s\000t\000r\000a\000t\000i\000o\000n\000\040\000p\000o\000u\000r\000\040\000n\000\040\000=\000\040\0001\0003\0005}{section.6}% 143
\BOOKMARK [2][-]{subsection.6.135}{\376\377\000D\000\351\000m\000o\000n\000s\000t\000r\000a\000t\000i\000o\000n\000\040\000p\000o\000u\000r\000\040\000n\000\040\000=\000\040\0001\0003\0006}{section.6}% 144
\BOOKMARK [2][-]{subsection.6.136}{\376\377\000D\000\351\000m\000o\000n\000s\000t\000r\000a\000t\000i\000o\000n\000\040\000p\000o\000u\000r\000\040\000n\000\040\000=\000\040\0001\0003\0007}{section.6}% 145
\BOOKMARK [2][-]{subsection.6.137}{\376\377\000D\000\351\000m\000o\000n\000s\000t\000r\000a\000t\000i\000o\000n\000\040\000p\000o\000u\000r\000\040\000n\000\040\000=\000\040\0001\0003\0008}{section.6}% 146
\BOOKMARK [2][-]{subsection.6.138}{\376\377\000D\000\351\000m\000o\000n\000s\000t\000r\000a\000t\000i\000o\000n\000\040\000p\000o\000u\000r\000\040\000n\000\040\000=\000\040\0001\0003\0009}{section.6}% 147
\BOOKMARK [2][-]{subsection.6.139}{\376\377\000D\000\351\000m\000o\000n\000s\000t\000r\000a\000t\000i\000o\000n\000\040\000p\000o\000u\000r\000\040\000n\000\040\000=\000\040\0001\0004\0000}{section.6}% 148
\BOOKMARK [2][-]{subsection.6.140}{\376\377\000D\000\351\000m\000o\000n\000s\000t\000r\000a\000t\000i\000o\000n\000\040\000p\000o\000u\000r\000\040\000n\000\040\000=\000\040\0001\0004\0001}{section.6}% 149
\BOOKMARK [2][-]{subsection.6.141}{\376\377\000D\000\351\000m\000o\000n\000s\000t\000r\000a\000t\000i\000o\000n\000\040\000p\000o\000u\000r\000\040\000n\000\040\000=\000\040\0001\0004\0002}{section.6}% 150
\BOOKMARK [2][-]{subsection.6.142}{\376\377\000D\000\351\000m\000o\000n\000s\000t\000r\000a\000t\000i\000o\000n\000\040\000p\000o\000u\000r\000\040\000n\000\040\000=\000\040\0001\0004\0003}{section.6}% 151
\BOOKMARK [2][-]{subsection.6.143}{\376\377\000D\000\351\000m\000o\000n\000s\000t\000r\000a\000t\000i\000o\000n\000\040\000p\000o\000u\000r\000\040\000n\000\040\000=\000\040\0001\0004\0004}{section.6}% 152
\BOOKMARK [2][-]{subsection.6.144}{\376\377\000D\000\351\000m\000o\000n\000s\000t\000r\000a\000t\000i\000o\000n\000\040\000p\000o\000u\000r\000\040\000n\000\040\000=\000\040\0001\0004\0005}{section.6}% 153
\BOOKMARK [2][-]{subsection.6.145}{\376\377\000D\000\351\000m\000o\000n\000s\000t\000r\000a\000t\000i\000o\000n\000\040\000p\000o\000u\000r\000\040\000n\000\040\000=\000\040\0001\0004\0006}{section.6}% 154
\BOOKMARK [2][-]{subsection.6.146}{\376\377\000D\000\351\000m\000o\000n\000s\000t\000r\000a\000t\000i\000o\000n\000\040\000p\000o\000u\000r\000\040\000n\000\040\000=\000\040\0001\0004\0007}{section.6}% 155
\BOOKMARK [2][-]{subsection.6.147}{\376\377\000D\000\351\000m\000o\000n\000s\000t\000r\000a\000t\000i\000o\000n\000\040\000p\000o\000u\000r\000\040\000n\000\040\000=\000\040\0001\0004\0008}{section.6}% 156
\BOOKMARK [2][-]{subsection.6.148}{\376\377\000D\000\351\000m\000o\000n\000s\000t\000r\000a\000t\000i\000o\000n\000\040\000p\000o\000u\000r\000\040\000n\000\040\000=\000\040\0001\0004\0009}{section.6}% 157
\BOOKMARK [2][-]{subsection.6.149}{\376\377\000D\000\351\000m\000o\000n\000s\000t\000r\000a\000t\000i\000o\000n\000\040\000p\000o\000u\000r\000\040\000n\000\040\000=\000\040\0001\0005\0000}{section.6}% 158
\BOOKMARK [2][-]{subsection.6.150}{\376\377\000D\000\351\000m\000o\000n\000s\000t\000r\000a\000t\000i\000o\000n\000\040\000p\000o\000u\000r\000\040\000n\000\040\000=\000\040\0001\0005\0001}{section.6}% 159
\BOOKMARK [2][-]{subsection.6.151}{\376\377\000D\000\351\000m\000o\000n\000s\000t\000r\000a\000t\000i\000o\000n\000\040\000p\000o\000u\000r\000\040\000n\000\040\000=\000\040\0001\0005\0002}{section.6}% 160
\BOOKMARK [2][-]{subsection.6.152}{\376\377\000D\000\351\000m\000o\000n\000s\000t\000r\000a\000t\000i\000o\000n\000\040\000p\000o\000u\000r\000\040\000n\000\040\000=\000\040\0001\0005\0003}{section.6}% 161
\BOOKMARK [2][-]{subsection.6.153}{\376\377\000D\000\351\000m\000o\000n\000s\000t\000r\000a\000t\000i\000o\000n\000\040\000p\000o\000u\000r\000\040\000n\000\040\000=\000\040\0001\0005\0004}{section.6}% 162
\BOOKMARK [2][-]{subsection.6.154}{\376\377\000D\000\351\000m\000o\000n\000s\000t\000r\000a\000t\000i\000o\000n\000\040\000p\000o\000u\000r\000\040\000n\000\040\000=\000\040\0001\0005\0005}{section.6}% 163
\BOOKMARK [2][-]{subsection.6.155}{\376\377\000D\000\351\000m\000o\000n\000s\000t\000r\000a\000t\000i\000o\000n\000\040\000p\000o\000u\000r\000\040\000n\000\040\000=\000\040\0001\0005\0006}{section.6}% 164
\BOOKMARK [2][-]{subsection.6.156}{\376\377\000D\000\351\000m\000o\000n\000s\000t\000r\000a\000t\000i\000o\000n\000\040\000p\000o\000u\000r\000\040\000n\000\040\000=\000\040\0001\0005\0007}{section.6}% 165
\BOOKMARK [2][-]{subsection.6.157}{\376\377\000D\000\351\000m\000o\000n\000s\000t\000r\000a\000t\000i\000o\000n\000\040\000p\000o\000u\000r\000\040\000n\000\040\000=\000\040\0001\0005\0008}{section.6}% 166
\BOOKMARK [2][-]{subsection.6.158}{\376\377\000D\000\351\000m\000o\000n\000s\000t\000r\000a\000t\000i\000o\000n\000\040\000p\000o\000u\000r\000\040\000n\000\040\000=\000\040\0001\0005\0009}{section.6}% 167
\BOOKMARK [2][-]{subsection.6.159}{\376\377\000D\000\351\000m\000o\000n\000s\000t\000r\000a\000t\000i\000o\000n\000\040\000p\000o\000u\000r\000\040\000n\000\040\000=\000\040\0001\0006\0000}{section.6}% 168
\BOOKMARK [2][-]{subsection.6.160}{\376\377\000D\000\351\000m\000o\000n\000s\000t\000r\000a\000t\000i\000o\000n\000\040\000p\000o\000u\000r\000\040\000n\000\040\000=\000\040\0001\0006\0001}{section.6}% 169
\BOOKMARK [2][-]{subsection.6.161}{\376\377\000D\000\351\000m\000o\000n\000s\000t\000r\000a\000t\000i\000o\000n\000\040\000p\000o\000u\000r\000\040\000n\000\040\000=\000\040\0001\0006\0002}{section.6}% 170
\BOOKMARK [2][-]{subsection.6.162}{\376\377\000D\000\351\000m\000o\000n\000s\000t\000r\000a\000t\000i\000o\000n\000\040\000p\000o\000u\000r\000\040\000n\000\040\000=\000\040\0001\0006\0003}{section.6}% 171
\BOOKMARK [2][-]{subsection.6.163}{\376\377\000D\000\351\000m\000o\000n\000s\000t\000r\000a\000t\000i\000o\000n\000\040\000p\000o\000u\000r\000\040\000n\000\040\000=\000\040\0001\0006\0004}{section.6}% 172
\BOOKMARK [2][-]{subsection.6.164}{\376\377\000D\000\351\000m\000o\000n\000s\000t\000r\000a\000t\000i\000o\000n\000\040\000p\000o\000u\000r\000\040\000n\000\040\000=\000\040\0001\0006\0005}{section.6}% 173
\BOOKMARK [2][-]{subsection.6.165}{\376\377\000D\000\351\000m\000o\000n\000s\000t\000r\000a\000t\000i\000o\000n\000\040\000p\000o\000u\000r\000\040\000n\000\040\000=\000\040\0001\0006\0006}{section.6}% 174
\BOOKMARK [2][-]{subsection.6.166}{\376\377\000D\000\351\000m\000o\000n\000s\000t\000r\000a\000t\000i\000o\000n\000\040\000p\000o\000u\000r\000\040\000n\000\040\000=\000\040\0001\0006\0007}{section.6}% 175
\BOOKMARK [2][-]{subsection.6.167}{\376\377\000D\000\351\000m\000o\000n\000s\000t\000r\000a\000t\000i\000o\000n\000\040\000p\000o\000u\000r\000\040\000n\000\040\000=\000\040\0001\0006\0008}{section.6}% 176
\BOOKMARK [2][-]{subsection.6.168}{\376\377\000D\000\351\000m\000o\000n\000s\000t\000r\000a\000t\000i\000o\000n\000\040\000p\000o\000u\000r\000\040\000n\000\040\000=\000\040\0001\0006\0009}{section.6}% 177
\BOOKMARK [2][-]{subsection.6.169}{\376\377\000D\000\351\000m\000o\000n\000s\000t\000r\000a\000t\000i\000o\000n\000\040\000p\000o\000u\000r\000\040\000n\000\040\000=\000\040\0001\0007\0000}{section.6}% 178
\BOOKMARK [2][-]{subsection.6.170}{\376\377\000D\000\351\000m\000o\000n\000s\000t\000r\000a\000t\000i\000o\000n\000\040\000p\000o\000u\000r\000\040\000n\000\040\000=\000\040\0001\0007\0001}{section.6}% 179
\BOOKMARK [2][-]{subsection.6.171}{\376\377\000D\000\351\000m\000o\000n\000s\000t\000r\000a\000t\000i\000o\000n\000\040\000p\000o\000u\000r\000\040\000n\000\040\000=\000\040\0001\0007\0002}{section.6}% 180
\BOOKMARK [2][-]{subsection.6.172}{\376\377\000D\000\351\000m\000o\000n\000s\000t\000r\000a\000t\000i\000o\000n\000\040\000p\000o\000u\000r\000\040\000n\000\040\000=\000\040\0001\0007\0003}{section.6}% 181
\BOOKMARK [2][-]{subsection.6.173}{\376\377\000D\000\351\000m\000o\000n\000s\000t\000r\000a\000t\000i\000o\000n\000\040\000p\000o\000u\000r\000\040\000n\000\040\000=\000\040\0001\0007\0004}{section.6}% 182
\BOOKMARK [2][-]{subsection.6.174}{\376\377\000D\000\351\000m\000o\000n\000s\000t\000r\000a\000t\000i\000o\000n\000\040\000p\000o\000u\000r\000\040\000n\000\040\000=\000\040\0001\0007\0005}{section.6}% 183
\BOOKMARK [2][-]{subsection.6.175}{\376\377\000D\000\351\000m\000o\000n\000s\000t\000r\000a\000t\000i\000o\000n\000\040\000p\000o\000u\000r\000\040\000n\000\040\000=\000\040\0001\0007\0006}{section.6}% 184
\BOOKMARK [2][-]{subsection.6.176}{\376\377\000D\000\351\000m\000o\000n\000s\000t\000r\000a\000t\000i\000o\000n\000\040\000p\000o\000u\000r\000\040\000n\000\040\000=\000\040\0001\0007\0007}{section.6}% 185
\BOOKMARK [2][-]{subsection.6.177}{\376\377\000D\000\351\000m\000o\000n\000s\000t\000r\000a\000t\000i\000o\000n\000\040\000p\000o\000u\000r\000\040\000n\000\040\000=\000\040\0001\0007\0008}{section.6}% 186
\BOOKMARK [2][-]{subsection.6.178}{\376\377\000D\000\351\000m\000o\000n\000s\000t\000r\000a\000t\000i\000o\000n\000\040\000p\000o\000u\000r\000\040\000n\000\040\000=\000\040\0001\0007\0009}{section.6}% 187
\BOOKMARK [2][-]{subsection.6.179}{\376\377\000D\000\351\000m\000o\000n\000s\000t\000r\000a\000t\000i\000o\000n\000\040\000p\000o\000u\000r\000\040\000n\000\040\000=\000\040\0001\0008\0000}{section.6}% 188
\BOOKMARK [2][-]{subsection.6.180}{\376\377\000D\000\351\000m\000o\000n\000s\000t\000r\000a\000t\000i\000o\000n\000\040\000p\000o\000u\000r\000\040\000n\000\040\000=\000\040\0001\0008\0001}{section.6}% 189
\BOOKMARK [2][-]{subsection.6.181}{\376\377\000D\000\351\000m\000o\000n\000s\000t\000r\000a\000t\000i\000o\000n\000\040\000p\000o\000u\000r\000\040\000n\000\040\000=\000\040\0001\0008\0002}{section.6}% 190
\BOOKMARK [2][-]{subsection.6.182}{\376\377\000D\000\351\000m\000o\000n\000s\000t\000r\000a\000t\000i\000o\000n\000\040\000p\000o\000u\000r\000\040\000n\000\040\000=\000\040\0001\0008\0003}{section.6}% 191
\BOOKMARK [2][-]{subsection.6.183}{\376\377\000D\000\351\000m\000o\000n\000s\000t\000r\000a\000t\000i\000o\000n\000\040\000p\000o\000u\000r\000\040\000n\000\040\000=\000\040\0001\0008\0004}{section.6}% 192
\BOOKMARK [2][-]{subsection.6.184}{\376\377\000D\000\351\000m\000o\000n\000s\000t\000r\000a\000t\000i\000o\000n\000\040\000p\000o\000u\000r\000\040\000n\000\040\000=\000\040\0001\0008\0005}{section.6}% 193
\BOOKMARK [2][-]{subsection.6.185}{\376\377\000D\000\351\000m\000o\000n\000s\000t\000r\000a\000t\000i\000o\000n\000\040\000p\000o\000u\000r\000\040\000n\000\040\000=\000\040\0001\0008\0006}{section.6}% 194
\BOOKMARK [2][-]{subsection.6.186}{\376\377\000D\000\351\000m\000o\000n\000s\000t\000r\000a\000t\000i\000o\000n\000\040\000p\000o\000u\000r\000\040\000n\000\040\000=\000\040\0001\0008\0007}{section.6}% 195
\BOOKMARK [2][-]{subsection.6.187}{\376\377\000D\000\351\000m\000o\000n\000s\000t\000r\000a\000t\000i\000o\000n\000\040\000p\000o\000u\000r\000\040\000n\000\040\000=\000\040\0001\0008\0008}{section.6}% 196
\BOOKMARK [2][-]{subsection.6.188}{\376\377\000D\000\351\000m\000o\000n\000s\000t\000r\000a\000t\000i\000o\000n\000\040\000p\000o\000u\000r\000\040\000n\000\040\000=\000\040\0001\0008\0009}{section.6}% 197
\BOOKMARK [2][-]{subsection.6.189}{\376\377\000D\000\351\000m\000o\000n\000s\000t\000r\000a\000t\000i\000o\000n\000\040\000p\000o\000u\000r\000\040\000n\000\040\000=\000\040\0001\0009\0000}{section.6}% 198
\BOOKMARK [2][-]{subsection.6.190}{\376\377\000D\000\351\000m\000o\000n\000s\000t\000r\000a\000t\000i\000o\000n\000\040\000p\000o\000u\000r\000\040\000n\000\040\000=\000\040\0001\0009\0001}{section.6}% 199
\BOOKMARK [2][-]{subsection.6.191}{\376\377\000D\000\351\000m\000o\000n\000s\000t\000r\000a\000t\000i\000o\000n\000\040\000p\000o\000u\000r\000\040\000n\000\040\000=\000\040\0001\0009\0002}{section.6}% 200
\BOOKMARK [2][-]{subsection.6.192}{\376\377\000D\000\351\000m\000o\000n\000s\000t\000r\000a\000t\000i\000o\000n\000\040\000p\000o\000u\000r\000\040\000n\000\040\000=\000\040\0001\0009\0003}{section.6}% 201
\BOOKMARK [2][-]{subsection.6.193}{\376\377\000D\000\351\000m\000o\000n\000s\000t\000r\000a\000t\000i\000o\000n\000\040\000p\000o\000u\000r\000\040\000n\000\040\000=\000\040\0001\0009\0004}{section.6}% 202
\BOOKMARK [2][-]{subsection.6.194}{\376\377\000D\000\351\000m\000o\000n\000s\000t\000r\000a\000t\000i\000o\000n\000\040\000p\000o\000u\000r\000\040\000n\000\040\000=\000\040\0001\0009\0005}{section.6}% 203
\BOOKMARK [2][-]{subsection.6.195}{\376\377\000D\000\351\000m\000o\000n\000s\000t\000r\000a\000t\000i\000o\000n\000\040\000p\000o\000u\000r\000\040\000n\000\040\000=\000\040\0001\0009\0006}{section.6}% 204
\BOOKMARK [2][-]{subsection.6.196}{\376\377\000D\000\351\000m\000o\000n\000s\000t\000r\000a\000t\000i\000o\000n\000\040\000p\000o\000u\000r\000\040\000n\000\040\000=\000\040\0001\0009\0007}{section.6}% 205
\BOOKMARK [2][-]{subsection.6.197}{\376\377\000D\000\351\000m\000o\000n\000s\000t\000r\000a\000t\000i\000o\000n\000\040\000p\000o\000u\000r\000\040\000n\000\040\000=\000\040\0001\0009\0008}{section.6}% 206
\BOOKMARK [2][-]{subsection.6.198}{\376\377\000D\000\351\000m\000o\000n\000s\000t\000r\000a\000t\000i\000o\000n\000\040\000p\000o\000u\000r\000\040\000n\000\040\000=\000\040\0001\0009\0009}{section.6}% 207
\BOOKMARK [2][-]{subsection.6.199}{\376\377\000D\000\351\000m\000o\000n\000s\000t\000r\000a\000t\000i\000o\000n\000\040\000p\000o\000u\000r\000\040\000n\000\040\000=\000\040\0002\0000\0000}{section.6}% 208
\BOOKMARK [2][-]{subsection.6.200}{\376\377\000D\000\351\000m\000o\000n\000s\000t\000r\000a\000t\000i\000o\000n\000\040\000p\000o\000u\000r\000\040\000n\000\040\000=\000\040\0002\0000\0001}{section.6}% 209
\BOOKMARK [2][-]{subsection.6.201}{\376\377\000D\000\351\000m\000o\000n\000s\000t\000r\000a\000t\000i\000o\000n\000\040\000p\000o\000u\000r\000\040\000n\000\040\000=\000\040\0002\0000\0002}{section.6}% 210
\BOOKMARK [2][-]{subsection.6.202}{\376\377\000D\000\351\000m\000o\000n\000s\000t\000r\000a\000t\000i\000o\000n\000\040\000p\000o\000u\000r\000\040\000n\000\040\000=\000\040\0002\0000\0003}{section.6}% 211
\BOOKMARK [2][-]{subsection.6.203}{\376\377\000D\000\351\000m\000o\000n\000s\000t\000r\000a\000t\000i\000o\000n\000\040\000p\000o\000u\000r\000\040\000n\000\040\000=\000\040\0002\0000\0004}{section.6}% 212
\BOOKMARK [2][-]{subsection.6.204}{\376\377\000D\000\351\000m\000o\000n\000s\000t\000r\000a\000t\000i\000o\000n\000\040\000p\000o\000u\000r\000\040\000n\000\040\000=\000\040\0002\0000\0005}{section.6}% 213
\BOOKMARK [2][-]{subsection.6.205}{\376\377\000D\000\351\000m\000o\000n\000s\000t\000r\000a\000t\000i\000o\000n\000\040\000p\000o\000u\000r\000\040\000n\000\040\000=\000\040\0002\0000\0006}{section.6}% 214
\BOOKMARK [2][-]{subsection.6.206}{\376\377\000D\000\351\000m\000o\000n\000s\000t\000r\000a\000t\000i\000o\000n\000\040\000p\000o\000u\000r\000\040\000n\000\040\000=\000\040\0002\0000\0007}{section.6}% 215
\BOOKMARK [2][-]{subsection.6.207}{\376\377\000D\000\351\000m\000o\000n\000s\000t\000r\000a\000t\000i\000o\000n\000\040\000p\000o\000u\000r\000\040\000n\000\040\000=\000\040\0002\0000\0008}{section.6}% 216
\BOOKMARK [2][-]{subsection.6.208}{\376\377\000D\000\351\000m\000o\000n\000s\000t\000r\000a\000t\000i\000o\000n\000\040\000p\000o\000u\000r\000\040\000n\000\040\000=\000\040\0002\0000\0009}{section.6}% 217
\BOOKMARK [2][-]{subsection.6.209}{\376\377\000D\000\351\000m\000o\000n\000s\000t\000r\000a\000t\000i\000o\000n\000\040\000p\000o\000u\000r\000\040\000n\000\040\000=\000\040\0002\0001\0000}{section.6}% 218
\BOOKMARK [2][-]{subsection.6.210}{\376\377\000D\000\351\000m\000o\000n\000s\000t\000r\000a\000t\000i\000o\000n\000\040\000p\000o\000u\000r\000\040\000n\000\040\000=\000\040\0002\0001\0001}{section.6}% 219
\BOOKMARK [2][-]{subsection.6.211}{\376\377\000D\000\351\000m\000o\000n\000s\000t\000r\000a\000t\000i\000o\000n\000\040\000p\000o\000u\000r\000\040\000n\000\040\000=\000\040\0002\0001\0002}{section.6}% 220
\BOOKMARK [2][-]{subsection.6.212}{\376\377\000D\000\351\000m\000o\000n\000s\000t\000r\000a\000t\000i\000o\000n\000\040\000p\000o\000u\000r\000\040\000n\000\040\000=\000\040\0002\0001\0003}{section.6}% 221
\BOOKMARK [2][-]{subsection.6.213}{\376\377\000D\000\351\000m\000o\000n\000s\000t\000r\000a\000t\000i\000o\000n\000\040\000p\000o\000u\000r\000\040\000n\000\040\000=\000\040\0002\0001\0004}{section.6}% 222
\BOOKMARK [2][-]{subsection.6.214}{\376\377\000D\000\351\000m\000o\000n\000s\000t\000r\000a\000t\000i\000o\000n\000\040\000p\000o\000u\000r\000\040\000n\000\040\000=\000\040\0002\0001\0005}{section.6}% 223
\BOOKMARK [2][-]{subsection.6.215}{\376\377\000D\000\351\000m\000o\000n\000s\000t\000r\000a\000t\000i\000o\000n\000\040\000p\000o\000u\000r\000\040\000n\000\040\000=\000\040\0002\0001\0006}{section.6}% 224
\BOOKMARK [2][-]{subsection.6.216}{\376\377\000D\000\351\000m\000o\000n\000s\000t\000r\000a\000t\000i\000o\000n\000\040\000p\000o\000u\000r\000\040\000n\000\040\000=\000\040\0002\0001\0007}{section.6}% 225
\BOOKMARK [2][-]{subsection.6.217}{\376\377\000D\000\351\000m\000o\000n\000s\000t\000r\000a\000t\000i\000o\000n\000\040\000p\000o\000u\000r\000\040\000n\000\040\000=\000\040\0002\0001\0008}{section.6}% 226
\BOOKMARK [2][-]{subsection.6.218}{\376\377\000D\000\351\000m\000o\000n\000s\000t\000r\000a\000t\000i\000o\000n\000\040\000p\000o\000u\000r\000\040\000n\000\040\000=\000\040\0002\0001\0009}{section.6}% 227
\BOOKMARK [2][-]{subsection.6.219}{\376\377\000D\000\351\000m\000o\000n\000s\000t\000r\000a\000t\000i\000o\000n\000\040\000p\000o\000u\000r\000\040\000n\000\040\000=\000\040\0002\0002\0000}{section.6}% 228
\BOOKMARK [2][-]{subsection.6.220}{\376\377\000D\000\351\000m\000o\000n\000s\000t\000r\000a\000t\000i\000o\000n\000\040\000p\000o\000u\000r\000\040\000n\000\040\000=\000\040\0002\0002\0001}{section.6}% 229
\BOOKMARK [2][-]{subsection.6.221}{\376\377\000D\000\351\000m\000o\000n\000s\000t\000r\000a\000t\000i\000o\000n\000\040\000p\000o\000u\000r\000\040\000n\000\040\000=\000\040\0002\0002\0002}{section.6}% 230
\BOOKMARK [2][-]{subsection.6.222}{\376\377\000D\000\351\000m\000o\000n\000s\000t\000r\000a\000t\000i\000o\000n\000\040\000p\000o\000u\000r\000\040\000n\000\040\000=\000\040\0002\0002\0003}{section.6}% 231
\BOOKMARK [2][-]{subsection.6.223}{\376\377\000D\000\351\000m\000o\000n\000s\000t\000r\000a\000t\000i\000o\000n\000\040\000p\000o\000u\000r\000\040\000n\000\040\000=\000\040\0002\0002\0004}{section.6}% 232
\BOOKMARK [2][-]{subsection.6.224}{\376\377\000D\000\351\000m\000o\000n\000s\000t\000r\000a\000t\000i\000o\000n\000\040\000p\000o\000u\000r\000\040\000n\000\040\000=\000\040\0002\0002\0005}{section.6}% 233
\BOOKMARK [2][-]{subsection.6.225}{\376\377\000D\000\351\000m\000o\000n\000s\000t\000r\000a\000t\000i\000o\000n\000\040\000p\000o\000u\000r\000\040\000n\000\040\000=\000\040\0002\0002\0006}{section.6}% 234
\BOOKMARK [2][-]{subsection.6.226}{\376\377\000D\000\351\000m\000o\000n\000s\000t\000r\000a\000t\000i\000o\000n\000\040\000p\000o\000u\000r\000\040\000n\000\040\000=\000\040\0002\0002\0007}{section.6}% 235
\BOOKMARK [2][-]{subsection.6.227}{\376\377\000D\000\351\000m\000o\000n\000s\000t\000r\000a\000t\000i\000o\000n\000\040\000p\000o\000u\000r\000\040\000n\000\040\000=\000\040\0002\0002\0008}{section.6}% 236
\BOOKMARK [2][-]{subsection.6.228}{\376\377\000D\000\351\000m\000o\000n\000s\000t\000r\000a\000t\000i\000o\000n\000\040\000p\000o\000u\000r\000\040\000n\000\040\000=\000\040\0002\0002\0009}{section.6}% 237
\BOOKMARK [2][-]{subsection.6.229}{\376\377\000D\000\351\000m\000o\000n\000s\000t\000r\000a\000t\000i\000o\000n\000\040\000p\000o\000u\000r\000\040\000n\000\040\000=\000\040\0002\0003\0000}{section.6}% 238
\BOOKMARK [2][-]{subsection.6.230}{\376\377\000D\000\351\000m\000o\000n\000s\000t\000r\000a\000t\000i\000o\000n\000\040\000p\000o\000u\000r\000\040\000n\000\040\000=\000\040\0002\0003\0001}{section.6}% 239
\BOOKMARK [2][-]{subsection.6.231}{\376\377\000D\000\351\000m\000o\000n\000s\000t\000r\000a\000t\000i\000o\000n\000\040\000p\000o\000u\000r\000\040\000n\000\040\000=\000\040\0002\0003\0002}{section.6}% 240
\BOOKMARK [2][-]{subsection.6.232}{\376\377\000D\000\351\000m\000o\000n\000s\000t\000r\000a\000t\000i\000o\000n\000\040\000p\000o\000u\000r\000\040\000n\000\040\000=\000\040\0002\0003\0003}{section.6}% 241
\BOOKMARK [2][-]{subsection.6.233}{\376\377\000D\000\351\000m\000o\000n\000s\000t\000r\000a\000t\000i\000o\000n\000\040\000p\000o\000u\000r\000\040\000n\000\040\000=\000\040\0002\0003\0004}{section.6}% 242
\BOOKMARK [2][-]{subsection.6.234}{\376\377\000D\000\351\000m\000o\000n\000s\000t\000r\000a\000t\000i\000o\000n\000\040\000p\000o\000u\000r\000\040\000n\000\040\000=\000\040\0002\0003\0005}{section.6}% 243
\BOOKMARK [2][-]{subsection.6.235}{\376\377\000D\000\351\000m\000o\000n\000s\000t\000r\000a\000t\000i\000o\000n\000\040\000p\000o\000u\000r\000\040\000n\000\040\000=\000\040\0002\0003\0006}{section.6}% 244
\BOOKMARK [2][-]{subsection.6.236}{\376\377\000D\000\351\000m\000o\000n\000s\000t\000r\000a\000t\000i\000o\000n\000\040\000p\000o\000u\000r\000\040\000n\000\040\000=\000\040\0002\0003\0007}{section.6}% 245
\BOOKMARK [2][-]{subsection.6.237}{\376\377\000D\000\351\000m\000o\000n\000s\000t\000r\000a\000t\000i\000o\000n\000\040\000p\000o\000u\000r\000\040\000n\000\040\000=\000\040\0002\0003\0008}{section.6}% 246
\BOOKMARK [2][-]{subsection.6.238}{\376\377\000D\000\351\000m\000o\000n\000s\000t\000r\000a\000t\000i\000o\000n\000\040\000p\000o\000u\000r\000\040\000n\000\040\000=\000\040\0002\0003\0009}{section.6}% 247
\BOOKMARK [2][-]{subsection.6.239}{\376\377\000D\000\351\000m\000o\000n\000s\000t\000r\000a\000t\000i\000o\000n\000\040\000p\000o\000u\000r\000\040\000n\000\040\000=\000\040\0002\0004\0000}{section.6}% 248
\BOOKMARK [2][-]{subsection.6.240}{\376\377\000D\000\351\000m\000o\000n\000s\000t\000r\000a\000t\000i\000o\000n\000\040\000p\000o\000u\000r\000\040\000n\000\040\000=\000\040\0002\0004\0001}{section.6}% 249
\BOOKMARK [2][-]{subsection.6.241}{\376\377\000D\000\351\000m\000o\000n\000s\000t\000r\000a\000t\000i\000o\000n\000\040\000p\000o\000u\000r\000\040\000n\000\040\000=\000\040\0002\0004\0002}{section.6}% 250
\BOOKMARK [2][-]{subsection.6.242}{\376\377\000D\000\351\000m\000o\000n\000s\000t\000r\000a\000t\000i\000o\000n\000\040\000p\000o\000u\000r\000\040\000n\000\040\000=\000\040\0002\0004\0003}{section.6}% 251
\BOOKMARK [2][-]{subsection.6.243}{\376\377\000D\000\351\000m\000o\000n\000s\000t\000r\000a\000t\000i\000o\000n\000\040\000p\000o\000u\000r\000\040\000n\000\040\000=\000\040\0002\0004\0004}{section.6}% 252
\BOOKMARK [2][-]{subsection.6.244}{\376\377\000D\000\351\000m\000o\000n\000s\000t\000r\000a\000t\000i\000o\000n\000\040\000p\000o\000u\000r\000\040\000n\000\040\000=\000\040\0002\0004\0005}{section.6}% 253
\BOOKMARK [2][-]{subsection.6.245}{\376\377\000D\000\351\000m\000o\000n\000s\000t\000r\000a\000t\000i\000o\000n\000\040\000p\000o\000u\000r\000\040\000n\000\040\000=\000\040\0002\0004\0006}{section.6}% 254
\BOOKMARK [2][-]{subsection.6.246}{\376\377\000D\000\351\000m\000o\000n\000s\000t\000r\000a\000t\000i\000o\000n\000\040\000p\000o\000u\000r\000\040\000n\000\040\000=\000\040\0002\0004\0007}{section.6}% 255
\BOOKMARK [2][-]{subsection.6.247}{\376\377\000D\000\351\000m\000o\000n\000s\000t\000r\000a\000t\000i\000o\000n\000\040\000p\000o\000u\000r\000\040\000n\000\040\000=\000\040\0002\0004\0008}{section.6}% 256
\BOOKMARK [2][-]{subsection.6.248}{\376\377\000D\000\351\000m\000o\000n\000s\000t\000r\000a\000t\000i\000o\000n\000\040\000p\000o\000u\000r\000\040\000n\000\040\000=\000\040\0002\0004\0009}{section.6}% 257
\BOOKMARK [2][-]{subsection.6.249}{\376\377\000D\000\351\000m\000o\000n\000s\000t\000r\000a\000t\000i\000o\000n\000\040\000p\000o\000u\000r\000\040\000n\000\040\000=\000\040\0002\0005\0000}{section.6}% 258
\BOOKMARK [2][-]{subsection.6.250}{\376\377\000D\000\351\000m\000o\000n\000s\000t\000r\000a\000t\000i\000o\000n\000\040\000p\000o\000u\000r\000\040\000n\000\040\000=\000\040\0002\0005\0001}{section.6}% 259
\BOOKMARK [2][-]{subsection.6.251}{\376\377\000D\000\351\000m\000o\000n\000s\000t\000r\000a\000t\000i\000o\000n\000\040\000p\000o\000u\000r\000\040\000n\000\040\000=\000\040\0002\0005\0002}{section.6}% 260
\BOOKMARK [2][-]{subsection.6.252}{\376\377\000D\000\351\000m\000o\000n\000s\000t\000r\000a\000t\000i\000o\000n\000\040\000p\000o\000u\000r\000\040\000n\000\040\000=\000\040\0002\0005\0003}{section.6}% 261
\BOOKMARK [2][-]{subsection.6.253}{\376\377\000D\000\351\000m\000o\000n\000s\000t\000r\000a\000t\000i\000o\000n\000\040\000p\000o\000u\000r\000\040\000n\000\040\000=\000\040\0002\0005\0004}{section.6}% 262
\BOOKMARK [2][-]{subsection.6.254}{\376\377\000D\000\351\000m\000o\000n\000s\000t\000r\000a\000t\000i\000o\000n\000\040\000p\000o\000u\000r\000\040\000n\000\040\000=\000\040\0002\0005\0005}{section.6}% 263
\BOOKMARK [2][-]{subsection.6.255}{\376\377\000D\000\351\000m\000o\000n\000s\000t\000r\000a\000t\000i\000o\000n\000\040\000p\000o\000u\000r\000\040\000n\000\040\000=\000\040\0002\0005\0006}{section.6}% 264
\BOOKMARK [2][-]{subsection.6.256}{\376\377\000D\000\351\000m\000o\000n\000s\000t\000r\000a\000t\000i\000o\000n\000\040\000p\000o\000u\000r\000\040\000n\000\040\000=\000\040\0002\0005\0007}{section.6}% 265
\BOOKMARK [2][-]{subsection.6.257}{\376\377\000D\000\351\000m\000o\000n\000s\000t\000r\000a\000t\000i\000o\000n\000\040\000p\000o\000u\000r\000\040\000n\000\040\000=\000\040\0002\0005\0008}{section.6}% 266
\BOOKMARK [2][-]{subsection.6.258}{\376\377\000D\000\351\000m\000o\000n\000s\000t\000r\000a\000t\000i\000o\000n\000\040\000p\000o\000u\000r\000\040\000n\000\040\000=\000\040\0002\0005\0009}{section.6}% 267
\BOOKMARK [2][-]{subsection.6.259}{\376\377\000D\000\351\000m\000o\000n\000s\000t\000r\000a\000t\000i\000o\000n\000\040\000p\000o\000u\000r\000\040\000n\000\040\000=\000\040\0002\0006\0000}{section.6}% 268
\BOOKMARK [2][-]{subsection.6.260}{\376\377\000D\000\351\000m\000o\000n\000s\000t\000r\000a\000t\000i\000o\000n\000\040\000p\000o\000u\000r\000\040\000n\000\040\000=\000\040\0002\0006\0001}{section.6}% 269
\BOOKMARK [2][-]{subsection.6.261}{\376\377\000D\000\351\000m\000o\000n\000s\000t\000r\000a\000t\000i\000o\000n\000\040\000p\000o\000u\000r\000\040\000n\000\040\000=\000\040\0002\0006\0002}{section.6}% 270
\BOOKMARK [2][-]{subsection.6.262}{\376\377\000D\000\351\000m\000o\000n\000s\000t\000r\000a\000t\000i\000o\000n\000\040\000p\000o\000u\000r\000\040\000n\000\040\000=\000\040\0002\0006\0003}{section.6}% 271
\BOOKMARK [2][-]{subsection.6.263}{\376\377\000D\000\351\000m\000o\000n\000s\000t\000r\000a\000t\000i\000o\000n\000\040\000p\000o\000u\000r\000\040\000n\000\040\000=\000\040\0002\0006\0004}{section.6}% 272
\BOOKMARK [2][-]{subsection.6.264}{\376\377\000D\000\351\000m\000o\000n\000s\000t\000r\000a\000t\000i\000o\000n\000\040\000p\000o\000u\000r\000\040\000n\000\040\000=\000\040\0002\0006\0005}{section.6}% 273
\BOOKMARK [2][-]{subsection.6.265}{\376\377\000D\000\351\000m\000o\000n\000s\000t\000r\000a\000t\000i\000o\000n\000\040\000p\000o\000u\000r\000\040\000n\000\040\000=\000\040\0002\0006\0006}{section.6}% 274
\BOOKMARK [2][-]{subsection.6.266}{\376\377\000D\000\351\000m\000o\000n\000s\000t\000r\000a\000t\000i\000o\000n\000\040\000p\000o\000u\000r\000\040\000n\000\040\000=\000\040\0002\0006\0007}{section.6}% 275
\BOOKMARK [2][-]{subsection.6.267}{\376\377\000D\000\351\000m\000o\000n\000s\000t\000r\000a\000t\000i\000o\000n\000\040\000p\000o\000u\000r\000\040\000n\000\040\000=\000\040\0002\0006\0008}{section.6}% 276
\BOOKMARK [2][-]{subsection.6.268}{\376\377\000D\000\351\000m\000o\000n\000s\000t\000r\000a\000t\000i\000o\000n\000\040\000p\000o\000u\000r\000\040\000n\000\040\000=\000\040\0002\0006\0009}{section.6}% 277
\BOOKMARK [2][-]{subsection.6.269}{\376\377\000D\000\351\000m\000o\000n\000s\000t\000r\000a\000t\000i\000o\000n\000\040\000p\000o\000u\000r\000\040\000n\000\040\000=\000\040\0002\0007\0000}{section.6}% 278
\BOOKMARK [2][-]{subsection.6.270}{\376\377\000D\000\351\000m\000o\000n\000s\000t\000r\000a\000t\000i\000o\000n\000\040\000p\000o\000u\000r\000\040\000n\000\040\000=\000\040\0002\0007\0001}{section.6}% 279
\BOOKMARK [2][-]{subsection.6.271}{\376\377\000D\000\351\000m\000o\000n\000s\000t\000r\000a\000t\000i\000o\000n\000\040\000p\000o\000u\000r\000\040\000n\000\040\000=\000\040\0002\0007\0002}{section.6}% 280
\BOOKMARK [2][-]{subsection.6.272}{\376\377\000D\000\351\000m\000o\000n\000s\000t\000r\000a\000t\000i\000o\000n\000\040\000p\000o\000u\000r\000\040\000n\000\040\000=\000\040\0002\0007\0003}{section.6}% 281
\BOOKMARK [2][-]{subsection.6.273}{\376\377\000D\000\351\000m\000o\000n\000s\000t\000r\000a\000t\000i\000o\000n\000\040\000p\000o\000u\000r\000\040\000n\000\040\000=\000\040\0002\0007\0004}{section.6}% 282
\BOOKMARK [2][-]{subsection.6.274}{\376\377\000D\000\351\000m\000o\000n\000s\000t\000r\000a\000t\000i\000o\000n\000\040\000p\000o\000u\000r\000\040\000n\000\040\000=\000\040\0002\0007\0005}{section.6}% 283
\BOOKMARK [2][-]{subsection.6.275}{\376\377\000D\000\351\000m\000o\000n\000s\000t\000r\000a\000t\000i\000o\000n\000\040\000p\000o\000u\000r\000\040\000n\000\040\000=\000\040\0002\0007\0006}{section.6}% 284
\BOOKMARK [2][-]{subsection.6.276}{\376\377\000D\000\351\000m\000o\000n\000s\000t\000r\000a\000t\000i\000o\000n\000\040\000p\000o\000u\000r\000\040\000n\000\040\000=\000\040\0002\0007\0007}{section.6}% 285
\BOOKMARK [2][-]{subsection.6.277}{\376\377\000D\000\351\000m\000o\000n\000s\000t\000r\000a\000t\000i\000o\000n\000\040\000p\000o\000u\000r\000\040\000n\000\040\000=\000\040\0002\0007\0008}{section.6}% 286
\BOOKMARK [2][-]{subsection.6.278}{\376\377\000D\000\351\000m\000o\000n\000s\000t\000r\000a\000t\000i\000o\000n\000\040\000p\000o\000u\000r\000\040\000n\000\040\000=\000\040\0002\0007\0009}{section.6}% 287
\BOOKMARK [2][-]{subsection.6.279}{\376\377\000D\000\351\000m\000o\000n\000s\000t\000r\000a\000t\000i\000o\000n\000\040\000p\000o\000u\000r\000\040\000n\000\040\000=\000\040\0002\0008\0000}{section.6}% 288
\BOOKMARK [2][-]{subsection.6.280}{\376\377\000D\000\351\000m\000o\000n\000s\000t\000r\000a\000t\000i\000o\000n\000\040\000p\000o\000u\000r\000\040\000n\000\040\000=\000\040\0002\0008\0001}{section.6}% 289
\BOOKMARK [2][-]{subsection.6.281}{\376\377\000D\000\351\000m\000o\000n\000s\000t\000r\000a\000t\000i\000o\000n\000\040\000p\000o\000u\000r\000\040\000n\000\040\000=\000\040\0002\0008\0002}{section.6}% 290
\BOOKMARK [2][-]{subsection.6.282}{\376\377\000D\000\351\000m\000o\000n\000s\000t\000r\000a\000t\000i\000o\000n\000\040\000p\000o\000u\000r\000\040\000n\000\040\000=\000\040\0002\0008\0003}{section.6}% 291
\BOOKMARK [2][-]{subsection.6.283}{\376\377\000D\000\351\000m\000o\000n\000s\000t\000r\000a\000t\000i\000o\000n\000\040\000p\000o\000u\000r\000\040\000n\000\040\000=\000\040\0002\0008\0004}{section.6}% 292
\BOOKMARK [2][-]{subsection.6.284}{\376\377\000D\000\351\000m\000o\000n\000s\000t\000r\000a\000t\000i\000o\000n\000\040\000p\000o\000u\000r\000\040\000n\000\040\000=\000\040\0002\0008\0005}{section.6}% 293
\BOOKMARK [2][-]{subsection.6.285}{\376\377\000D\000\351\000m\000o\000n\000s\000t\000r\000a\000t\000i\000o\000n\000\040\000p\000o\000u\000r\000\040\000n\000\040\000=\000\040\0002\0008\0006}{section.6}% 294
\BOOKMARK [2][-]{subsection.6.286}{\376\377\000D\000\351\000m\000o\000n\000s\000t\000r\000a\000t\000i\000o\000n\000\040\000p\000o\000u\000r\000\040\000n\000\040\000=\000\040\0002\0008\0007}{section.6}% 295
\BOOKMARK [2][-]{subsection.6.287}{\376\377\000D\000\351\000m\000o\000n\000s\000t\000r\000a\000t\000i\000o\000n\000\040\000p\000o\000u\000r\000\040\000n\000\040\000=\000\040\0002\0008\0008}{section.6}% 296
\BOOKMARK [2][-]{subsection.6.288}{\376\377\000D\000\351\000m\000o\000n\000s\000t\000r\000a\000t\000i\000o\000n\000\040\000p\000o\000u\000r\000\040\000n\000\040\000=\000\040\0002\0008\0009}{section.6}% 297
\BOOKMARK [2][-]{subsection.6.289}{\376\377\000D\000\351\000m\000o\000n\000s\000t\000r\000a\000t\000i\000o\000n\000\040\000p\000o\000u\000r\000\040\000n\000\040\000=\000\040\0002\0009\0000}{section.6}% 298
\BOOKMARK [2][-]{subsection.6.290}{\376\377\000D\000\351\000m\000o\000n\000s\000t\000r\000a\000t\000i\000o\000n\000\040\000p\000o\000u\000r\000\040\000n\000\040\000=\000\040\0002\0009\0001}{section.6}% 299
\BOOKMARK [2][-]{subsection.6.291}{\376\377\000D\000\351\000m\000o\000n\000s\000t\000r\000a\000t\000i\000o\000n\000\040\000p\000o\000u\000r\000\040\000n\000\040\000=\000\040\0002\0009\0002}{section.6}% 300
\BOOKMARK [2][-]{subsection.6.292}{\376\377\000D\000\351\000m\000o\000n\000s\000t\000r\000a\000t\000i\000o\000n\000\040\000p\000o\000u\000r\000\040\000n\000\040\000=\000\040\0002\0009\0003}{section.6}% 301
\BOOKMARK [2][-]{subsection.6.293}{\376\377\000D\000\351\000m\000o\000n\000s\000t\000r\000a\000t\000i\000o\000n\000\040\000p\000o\000u\000r\000\040\000n\000\040\000=\000\040\0002\0009\0004}{section.6}% 302
\BOOKMARK [2][-]{subsection.6.294}{\376\377\000D\000\351\000m\000o\000n\000s\000t\000r\000a\000t\000i\000o\000n\000\040\000p\000o\000u\000r\000\040\000n\000\040\000=\000\040\0002\0009\0005}{section.6}% 303
\BOOKMARK [2][-]{subsection.6.295}{\376\377\000D\000\351\000m\000o\000n\000s\000t\000r\000a\000t\000i\000o\000n\000\040\000p\000o\000u\000r\000\040\000n\000\040\000=\000\040\0002\0009\0006}{section.6}% 304
\BOOKMARK [2][-]{subsection.6.296}{\376\377\000D\000\351\000m\000o\000n\000s\000t\000r\000a\000t\000i\000o\000n\000\040\000p\000o\000u\000r\000\040\000n\000\040\000=\000\040\0002\0009\0007}{section.6}% 305
\BOOKMARK [2][-]{subsection.6.297}{\376\377\000D\000\351\000m\000o\000n\000s\000t\000r\000a\000t\000i\000o\000n\000\040\000p\000o\000u\000r\000\040\000n\000\040\000=\000\040\0002\0009\0008}{section.6}% 306
\BOOKMARK [2][-]{subsection.6.298}{\376\377\000D\000\351\000m\000o\000n\000s\000t\000r\000a\000t\000i\000o\000n\000\040\000p\000o\000u\000r\000\040\000n\000\040\000=\000\040\0002\0009\0009}{section.6}% 307
\BOOKMARK [2][-]{subsection.6.299}{\376\377\000D\000\351\000m\000o\000n\000s\000t\000r\000a\000t\000i\000o\000n\000\040\000p\000o\000u\000r\000\040\000n\000\040\000=\000\040\0003\0000\0000}{section.6}% 308
\BOOKMARK [2][-]{subsection.6.300}{\376\377\000D\000\351\000m\000o\000n\000s\000t\000r\000a\000t\000i\000o\000n\000\040\000p\000o\000u\000r\000\040\000n\000\040\000=\000\040\0003\0000\0001}{section.6}% 309
\BOOKMARK [2][-]{subsection.6.301}{\376\377\000D\000\351\000m\000o\000n\000s\000t\000r\000a\000t\000i\000o\000n\000\040\000p\000o\000u\000r\000\040\000n\000\040\000=\000\040\0003\0000\0002}{section.6}% 310
\BOOKMARK [2][-]{subsection.6.302}{\376\377\000D\000\351\000m\000o\000n\000s\000t\000r\000a\000t\000i\000o\000n\000\040\000p\000o\000u\000r\000\040\000n\000\040\000=\000\040\0003\0000\0003}{section.6}% 311
\BOOKMARK [2][-]{subsection.6.303}{\376\377\000D\000\351\000m\000o\000n\000s\000t\000r\000a\000t\000i\000o\000n\000\040\000p\000o\000u\000r\000\040\000n\000\040\000=\000\040\0003\0000\0004}{section.6}% 312
\BOOKMARK [2][-]{subsection.6.304}{\376\377\000D\000\351\000m\000o\000n\000s\000t\000r\000a\000t\000i\000o\000n\000\040\000p\000o\000u\000r\000\040\000n\000\040\000=\000\040\0003\0000\0005}{section.6}% 313
\BOOKMARK [2][-]{subsection.6.305}{\376\377\000D\000\351\000m\000o\000n\000s\000t\000r\000a\000t\000i\000o\000n\000\040\000p\000o\000u\000r\000\040\000n\000\040\000=\000\040\0003\0000\0006}{section.6}% 314
\BOOKMARK [2][-]{subsection.6.306}{\376\377\000D\000\351\000m\000o\000n\000s\000t\000r\000a\000t\000i\000o\000n\000\040\000p\000o\000u\000r\000\040\000n\000\040\000=\000\040\0003\0000\0007}{section.6}% 315
\BOOKMARK [2][-]{subsection.6.307}{\376\377\000D\000\351\000m\000o\000n\000s\000t\000r\000a\000t\000i\000o\000n\000\040\000p\000o\000u\000r\000\040\000n\000\040\000=\000\040\0003\0000\0008}{section.6}% 316
\BOOKMARK [2][-]{subsection.6.308}{\376\377\000D\000\351\000m\000o\000n\000s\000t\000r\000a\000t\000i\000o\000n\000\040\000p\000o\000u\000r\000\040\000n\000\040\000=\000\040\0003\0000\0009}{section.6}% 317
\BOOKMARK [2][-]{subsection.6.309}{\376\377\000D\000\351\000m\000o\000n\000s\000t\000r\000a\000t\000i\000o\000n\000\040\000p\000o\000u\000r\000\040\000n\000\040\000=\000\040\0003\0001\0000}{section.6}% 318
\BOOKMARK [2][-]{subsection.6.310}{\376\377\000D\000\351\000m\000o\000n\000s\000t\000r\000a\000t\000i\000o\000n\000\040\000p\000o\000u\000r\000\040\000n\000\040\000=\000\040\0003\0001\0001}{section.6}% 319
\BOOKMARK [2][-]{subsection.6.311}{\376\377\000D\000\351\000m\000o\000n\000s\000t\000r\000a\000t\000i\000o\000n\000\040\000p\000o\000u\000r\000\040\000n\000\040\000=\000\040\0003\0001\0002}{section.6}% 320
\BOOKMARK [2][-]{subsection.6.312}{\376\377\000D\000\351\000m\000o\000n\000s\000t\000r\000a\000t\000i\000o\000n\000\040\000p\000o\000u\000r\000\040\000n\000\040\000=\000\040\0003\0001\0003}{section.6}% 321
\BOOKMARK [2][-]{subsection.6.313}{\376\377\000D\000\351\000m\000o\000n\000s\000t\000r\000a\000t\000i\000o\000n\000\040\000p\000o\000u\000r\000\040\000n\000\040\000=\000\040\0003\0001\0004}{section.6}% 322
\BOOKMARK [2][-]{subsection.6.314}{\376\377\000D\000\351\000m\000o\000n\000s\000t\000r\000a\000t\000i\000o\000n\000\040\000p\000o\000u\000r\000\040\000n\000\040\000=\000\040\0003\0001\0005}{section.6}% 323
\BOOKMARK [2][-]{subsection.6.315}{\376\377\000D\000\351\000m\000o\000n\000s\000t\000r\000a\000t\000i\000o\000n\000\040\000p\000o\000u\000r\000\040\000n\000\040\000=\000\040\0003\0001\0006}{section.6}% 324
\BOOKMARK [2][-]{subsection.6.316}{\376\377\000D\000\351\000m\000o\000n\000s\000t\000r\000a\000t\000i\000o\000n\000\040\000p\000o\000u\000r\000\040\000n\000\040\000=\000\040\0003\0001\0007}{section.6}% 325
\BOOKMARK [2][-]{subsection.6.317}{\376\377\000D\000\351\000m\000o\000n\000s\000t\000r\000a\000t\000i\000o\000n\000\040\000p\000o\000u\000r\000\040\000n\000\040\000=\000\040\0003\0001\0008}{section.6}% 326
\BOOKMARK [2][-]{subsection.6.318}{\376\377\000D\000\351\000m\000o\000n\000s\000t\000r\000a\000t\000i\000o\000n\000\040\000p\000o\000u\000r\000\040\000n\000\040\000=\000\040\0003\0001\0009}{section.6}% 327
\BOOKMARK [2][-]{subsection.6.319}{\376\377\000D\000\351\000m\000o\000n\000s\000t\000r\000a\000t\000i\000o\000n\000\040\000p\000o\000u\000r\000\040\000n\000\040\000=\000\040\0003\0002\0000}{section.6}% 328
\BOOKMARK [2][-]{subsection.6.320}{\376\377\000D\000\351\000m\000o\000n\000s\000t\000r\000a\000t\000i\000o\000n\000\040\000p\000o\000u\000r\000\040\000n\000\040\000=\000\040\0003\0002\0001}{section.6}% 329
\BOOKMARK [2][-]{subsection.6.321}{\376\377\000D\000\351\000m\000o\000n\000s\000t\000r\000a\000t\000i\000o\000n\000\040\000p\000o\000u\000r\000\040\000n\000\040\000=\000\040\0003\0002\0002}{section.6}% 330
\BOOKMARK [2][-]{subsection.6.322}{\376\377\000D\000\351\000m\000o\000n\000s\000t\000r\000a\000t\000i\000o\000n\000\040\000p\000o\000u\000r\000\040\000n\000\040\000=\000\040\0003\0002\0003}{section.6}% 331
\BOOKMARK [2][-]{subsection.6.323}{\376\377\000D\000\351\000m\000o\000n\000s\000t\000r\000a\000t\000i\000o\000n\000\040\000p\000o\000u\000r\000\040\000n\000\040\000=\000\040\0003\0002\0004}{section.6}% 332
\BOOKMARK [2][-]{subsection.6.324}{\376\377\000D\000\351\000m\000o\000n\000s\000t\000r\000a\000t\000i\000o\000n\000\040\000p\000o\000u\000r\000\040\000n\000\040\000=\000\040\0003\0002\0005}{section.6}% 333
\BOOKMARK [2][-]{subsection.6.325}{\376\377\000D\000\351\000m\000o\000n\000s\000t\000r\000a\000t\000i\000o\000n\000\040\000p\000o\000u\000r\000\040\000n\000\040\000=\000\040\0003\0002\0006}{section.6}% 334
\BOOKMARK [2][-]{subsection.6.326}{\376\377\000D\000\351\000m\000o\000n\000s\000t\000r\000a\000t\000i\000o\000n\000\040\000p\000o\000u\000r\000\040\000n\000\040\000=\000\040\0003\0002\0007}{section.6}% 335
\BOOKMARK [2][-]{subsection.6.327}{\376\377\000D\000\351\000m\000o\000n\000s\000t\000r\000a\000t\000i\000o\000n\000\040\000p\000o\000u\000r\000\040\000n\000\040\000=\000\040\0003\0002\0008}{section.6}% 336
\BOOKMARK [2][-]{subsection.6.328}{\376\377\000D\000\351\000m\000o\000n\000s\000t\000r\000a\000t\000i\000o\000n\000\040\000p\000o\000u\000r\000\040\000n\000\040\000=\000\040\0003\0002\0009}{section.6}% 337
\BOOKMARK [2][-]{subsection.6.329}{\376\377\000D\000\351\000m\000o\000n\000s\000t\000r\000a\000t\000i\000o\000n\000\040\000p\000o\000u\000r\000\040\000n\000\040\000=\000\040\0003\0003\0000}{section.6}% 338
\BOOKMARK [2][-]{subsection.6.330}{\376\377\000D\000\351\000m\000o\000n\000s\000t\000r\000a\000t\000i\000o\000n\000\040\000p\000o\000u\000r\000\040\000n\000\040\000=\000\040\0003\0003\0001}{section.6}% 339
\BOOKMARK [2][-]{subsection.6.331}{\376\377\000D\000\351\000m\000o\000n\000s\000t\000r\000a\000t\000i\000o\000n\000\040\000p\000o\000u\000r\000\040\000n\000\040\000=\000\040\0003\0003\0002}{section.6}% 340
\BOOKMARK [2][-]{subsection.6.332}{\376\377\000D\000\351\000m\000o\000n\000s\000t\000r\000a\000t\000i\000o\000n\000\040\000p\000o\000u\000r\000\040\000n\000\040\000=\000\040\0003\0003\0003}{section.6}% 341
\BOOKMARK [2][-]{subsection.6.333}{\376\377\000D\000\351\000m\000o\000n\000s\000t\000r\000a\000t\000i\000o\000n\000\040\000p\000o\000u\000r\000\040\000n\000\040\000=\000\040\0003\0003\0004}{section.6}% 342
\BOOKMARK [2][-]{subsection.6.334}{\376\377\000D\000\351\000m\000o\000n\000s\000t\000r\000a\000t\000i\000o\000n\000\040\000p\000o\000u\000r\000\040\000n\000\040\000=\000\040\0003\0003\0005}{section.6}% 343
\BOOKMARK [2][-]{subsection.6.335}{\376\377\000D\000\351\000m\000o\000n\000s\000t\000r\000a\000t\000i\000o\000n\000\040\000p\000o\000u\000r\000\040\000n\000\040\000=\000\040\0003\0003\0006}{section.6}% 344
\BOOKMARK [2][-]{subsection.6.336}{\376\377\000D\000\351\000m\000o\000n\000s\000t\000r\000a\000t\000i\000o\000n\000\040\000p\000o\000u\000r\000\040\000n\000\040\000=\000\040\0003\0003\0007}{section.6}% 345
\BOOKMARK [2][-]{subsection.6.337}{\376\377\000D\000\351\000m\000o\000n\000s\000t\000r\000a\000t\000i\000o\000n\000\040\000p\000o\000u\000r\000\040\000n\000\040\000=\000\040\0003\0003\0008}{section.6}% 346
\BOOKMARK [2][-]{subsection.6.338}{\376\377\000D\000\351\000m\000o\000n\000s\000t\000r\000a\000t\000i\000o\000n\000\040\000p\000o\000u\000r\000\040\000n\000\040\000=\000\040\0003\0003\0009}{section.6}% 347
\BOOKMARK [2][-]{subsection.6.339}{\376\377\000D\000\351\000m\000o\000n\000s\000t\000r\000a\000t\000i\000o\000n\000\040\000p\000o\000u\000r\000\040\000n\000\040\000=\000\040\0003\0004\0000}{section.6}% 348
\BOOKMARK [2][-]{subsection.6.340}{\376\377\000D\000\351\000m\000o\000n\000s\000t\000r\000a\000t\000i\000o\000n\000\040\000p\000o\000u\000r\000\040\000n\000\040\000=\000\040\0003\0004\0001}{section.6}% 349
\BOOKMARK [2][-]{subsection.6.341}{\376\377\000D\000\351\000m\000o\000n\000s\000t\000r\000a\000t\000i\000o\000n\000\040\000p\000o\000u\000r\000\040\000n\000\040\000=\000\040\0003\0004\0002}{section.6}% 350
\BOOKMARK [2][-]{subsection.6.342}{\376\377\000D\000\351\000m\000o\000n\000s\000t\000r\000a\000t\000i\000o\000n\000\040\000p\000o\000u\000r\000\040\000n\000\040\000=\000\040\0003\0004\0003}{section.6}% 351
\BOOKMARK [2][-]{subsection.6.343}{\376\377\000D\000\351\000m\000o\000n\000s\000t\000r\000a\000t\000i\000o\000n\000\040\000p\000o\000u\000r\000\040\000n\000\040\000=\000\040\0003\0004\0004}{section.6}% 352
\BOOKMARK [2][-]{subsection.6.344}{\376\377\000D\000\351\000m\000o\000n\000s\000t\000r\000a\000t\000i\000o\000n\000\040\000p\000o\000u\000r\000\040\000n\000\040\000=\000\040\0003\0004\0005}{section.6}% 353
\BOOKMARK [2][-]{subsection.6.345}{\376\377\000D\000\351\000m\000o\000n\000s\000t\000r\000a\000t\000i\000o\000n\000\040\000p\000o\000u\000r\000\040\000n\000\040\000=\000\040\0003\0004\0006}{section.6}% 354
\BOOKMARK [2][-]{subsection.6.346}{\376\377\000D\000\351\000m\000o\000n\000s\000t\000r\000a\000t\000i\000o\000n\000\040\000p\000o\000u\000r\000\040\000n\000\040\000=\000\040\0003\0004\0007}{section.6}% 355
\BOOKMARK [2][-]{subsection.6.347}{\376\377\000D\000\351\000m\000o\000n\000s\000t\000r\000a\000t\000i\000o\000n\000\040\000p\000o\000u\000r\000\040\000n\000\040\000=\000\040\0003\0004\0008}{section.6}% 356
\BOOKMARK [2][-]{subsection.6.348}{\376\377\000D\000\351\000m\000o\000n\000s\000t\000r\000a\000t\000i\000o\000n\000\040\000p\000o\000u\000r\000\040\000n\000\040\000=\000\040\0003\0004\0009}{section.6}% 357
\BOOKMARK [1][-]{section.7}{\376\377\000C\000o\000n\000c\000l\000u\000s\000i\000o\000n}{}% 358
