\BOOKMARK [1][-]{section.1}{\376\377\000I\000n\000t\000r\000o\000d\000u\000c\000t\000i\000o\000n\000\040\000e\000t\000\040\000F\000o\000n\000d\000a\000t\000i\000o\000n\000s\000\040\000A\000x\000i\000o\000m\000a\000t\000i\000q\000u\000e\000s}{}% 1
\BOOKMARK [2][-]{subsection.1.1}{\376\377\000D\000\351\000f\000i\000n\000i\000t\000i\000o\000n\000s\000\040\000A\000x\000i\000o\000m\000a\000t\000i\000q\000u\000e\000s}{section.1}% 2
\BOOKMARK [1][-]{section.2}{\376\377\000L\000i\000t\000t\000\351\000r\000a\000t\000u\000r\000e\000\040\000C\000o\000n\000t\000e\000x\000t\000u\000e\000l\000l\000e}{}% 3
\BOOKMARK [1][-]{section.3}{\376\377\000S\000t\000r\000a\000t\000\351\000g\000i\000e\000\040\000d\000e\000\040\000P\000r\000e\000u\000v\000e\000\040\000e\000t\000\040\000D\000\351\000c\000o\000m\000p\000o\000s\000i\000t\000i\000o\000n\000\040\000e\000n\000\040\000L\000e\000m\000m\000e\000s}{}% 4
\BOOKMARK [1][-]{section.4}{\376\377\000D\000\351\000m\000o\000n\000s\000t\000r\000a\000t\000i\000o\000n\000\040\000d\000u\000\040\000L\000e\000m\000m\000e\000\040\0001\000\040\000:\000\040\000A\000n\000a\000l\000y\000s\000e\000\040\000P\000r\000o\000b\000a\000b\000i\000l\000i\000s\000t\000e}{}% 5
\BOOKMARK [1][-]{section.5}{\376\377\000D\000\351\000m\000o\000n\000s\000t\000r\000a\000t\000i\000o\000n\000\040\000d\000u\000\040\000L\000e\000m\000m\000e\000\040\0002\000\040\000:\000\040\000B\000o\000r\000n\000e\000s\000\040\000S\000t\000r\000u\000c\000t\000u\000r\000e\000l\000l\000e\000s}{}% 6
\BOOKMARK [1][-]{section.6}{\376\377\000D\000\351\000m\000o\000n\000s\000t\000r\000a\000t\000i\000o\000n\000\040\000d\000u\000\040\000L\000e\000m\000m\000e\000\040\0003\000\040\000:\000\040\000G\000r\000a\000p\000h\000e\000s\000\040\000B\000i\000p\000a\000r\000t\000i\000s\000\040\000R\000\351\000g\000u\000l\000i\000e\000r\000s}{}% 7
\BOOKMARK [1][-]{section.7}{\376\377\000D\000\351\000v\000e\000l\000o\000p\000p\000e\000m\000e\000n\000t\000\040\000A\000v\000a\000n\000c\000\351\000\040\000:\000\040\000T\000h\000\351\000o\000r\000i\000e\000\040\000A\000l\000g\000\351\000b\000r\000i\000q\000u\000e\000\040\000d\000e\000s\000\040\000G\000r\000a\000p\000h\000e\000s}{}% 8
\BOOKMARK [2][-]{subsection.7.1}{\376\377\000A\000n\000a\000l\000y\000s\000e\000\040\000d\000u\000\040\000S\000p\000e\000c\000t\000r\000e\000\040\000\340\000\040\000l\000'\000o\000r\000d\000r\000e\000\040\000k\000=\0001}{section.7}% 9
\BOOKMARK [2][-]{subsection.7.2}{\376\377\000A\000n\000a\000l\000y\000s\000e\000\040\000d\000u\000\040\000S\000p\000e\000c\000t\000r\000e\000\040\000\340\000\040\000l\000'\000o\000r\000d\000r\000e\000\040\000k\000=\0002}{section.7}% 10
\BOOKMARK [2][-]{subsection.7.3}{\376\377\000A\000n\000a\000l\000y\000s\000e\000\040\000d\000u\000\040\000S\000p\000e\000c\000t\000r\000e\000\040\000\340\000\040\000l\000'\000o\000r\000d\000r\000e\000\040\000k\000=\0003}{section.7}% 11
\BOOKMARK [2][-]{subsection.7.4}{\376\377\000A\000n\000a\000l\000y\000s\000e\000\040\000d\000u\000\040\000S\000p\000e\000c\000t\000r\000e\000\040\000\340\000\040\000l\000'\000o\000r\000d\000r\000e\000\040\000k\000=\0004}{section.7}% 12
\BOOKMARK [2][-]{subsection.7.5}{\376\377\000A\000n\000a\000l\000y\000s\000e\000\040\000d\000u\000\040\000S\000p\000e\000c\000t\000r\000e\000\040\000\340\000\040\000l\000'\000o\000r\000d\000r\000e\000\040\000k\000=\0005}{section.7}% 13
\BOOKMARK [2][-]{subsection.7.6}{\376\377\000A\000n\000a\000l\000y\000s\000e\000\040\000d\000u\000\040\000S\000p\000e\000c\000t\000r\000e\000\040\000\340\000\040\000l\000'\000o\000r\000d\000r\000e\000\040\000k\000=\0006}{section.7}% 14
\BOOKMARK [2][-]{subsection.7.7}{\376\377\000A\000n\000a\000l\000y\000s\000e\000\040\000d\000u\000\040\000S\000p\000e\000c\000t\000r\000e\000\040\000\340\000\040\000l\000'\000o\000r\000d\000r\000e\000\040\000k\000=\0007}{section.7}% 15
\BOOKMARK [2][-]{subsection.7.8}{\376\377\000A\000n\000a\000l\000y\000s\000e\000\040\000d\000u\000\040\000S\000p\000e\000c\000t\000r\000e\000\040\000\340\000\040\000l\000'\000o\000r\000d\000r\000e\000\040\000k\000=\0008}{section.7}% 16
\BOOKMARK [2][-]{subsection.7.9}{\376\377\000A\000n\000a\000l\000y\000s\000e\000\040\000d\000u\000\040\000S\000p\000e\000c\000t\000r\000e\000\040\000\340\000\040\000l\000'\000o\000r\000d\000r\000e\000\040\000k\000=\0009}{section.7}% 17
\BOOKMARK [2][-]{subsection.7.10}{\376\377\000A\000n\000a\000l\000y\000s\000e\000\040\000d\000u\000\040\000S\000p\000e\000c\000t\000r\000e\000\040\000\340\000\040\000l\000'\000o\000r\000d\000r\000e\000\040\000k\000=\0001\0000}{section.7}% 18
\BOOKMARK [2][-]{subsection.7.11}{\376\377\000A\000n\000a\000l\000y\000s\000e\000\040\000d\000u\000\040\000S\000p\000e\000c\000t\000r\000e\000\040\000\340\000\040\000l\000'\000o\000r\000d\000r\000e\000\040\000k\000=\0001\0001}{section.7}% 19
\BOOKMARK [2][-]{subsection.7.12}{\376\377\000A\000n\000a\000l\000y\000s\000e\000\040\000d\000u\000\040\000S\000p\000e\000c\000t\000r\000e\000\040\000\340\000\040\000l\000'\000o\000r\000d\000r\000e\000\040\000k\000=\0001\0002}{section.7}% 20
\BOOKMARK [2][-]{subsection.7.13}{\376\377\000A\000n\000a\000l\000y\000s\000e\000\040\000d\000u\000\040\000S\000p\000e\000c\000t\000r\000e\000\040\000\340\000\040\000l\000'\000o\000r\000d\000r\000e\000\040\000k\000=\0001\0003}{section.7}% 21
\BOOKMARK [2][-]{subsection.7.14}{\376\377\000A\000n\000a\000l\000y\000s\000e\000\040\000d\000u\000\040\000S\000p\000e\000c\000t\000r\000e\000\040\000\340\000\040\000l\000'\000o\000r\000d\000r\000e\000\040\000k\000=\0001\0004}{section.7}% 22
\BOOKMARK [2][-]{subsection.7.15}{\376\377\000A\000n\000a\000l\000y\000s\000e\000\040\000d\000u\000\040\000S\000p\000e\000c\000t\000r\000e\000\040\000\340\000\040\000l\000'\000o\000r\000d\000r\000e\000\040\000k\000=\0001\0005}{section.7}% 23
\BOOKMARK [2][-]{subsection.7.16}{\376\377\000A\000n\000a\000l\000y\000s\000e\000\040\000d\000u\000\040\000S\000p\000e\000c\000t\000r\000e\000\040\000\340\000\040\000l\000'\000o\000r\000d\000r\000e\000\040\000k\000=\0001\0006}{section.7}% 24
\BOOKMARK [2][-]{subsection.7.17}{\376\377\000A\000n\000a\000l\000y\000s\000e\000\040\000d\000u\000\040\000S\000p\000e\000c\000t\000r\000e\000\040\000\340\000\040\000l\000'\000o\000r\000d\000r\000e\000\040\000k\000=\0001\0007}{section.7}% 25
\BOOKMARK [2][-]{subsection.7.18}{\376\377\000A\000n\000a\000l\000y\000s\000e\000\040\000d\000u\000\040\000S\000p\000e\000c\000t\000r\000e\000\040\000\340\000\040\000l\000'\000o\000r\000d\000r\000e\000\040\000k\000=\0001\0008}{section.7}% 26
\BOOKMARK [2][-]{subsection.7.19}{\376\377\000A\000n\000a\000l\000y\000s\000e\000\040\000d\000u\000\040\000S\000p\000e\000c\000t\000r\000e\000\040\000\340\000\040\000l\000'\000o\000r\000d\000r\000e\000\040\000k\000=\0001\0009}{section.7}% 27
\BOOKMARK [2][-]{subsection.7.20}{\376\377\000A\000n\000a\000l\000y\000s\000e\000\040\000d\000u\000\040\000S\000p\000e\000c\000t\000r\000e\000\040\000\340\000\040\000l\000'\000o\000r\000d\000r\000e\000\040\000k\000=\0002\0000}{section.7}% 28
\BOOKMARK [2][-]{subsection.7.21}{\376\377\000A\000n\000a\000l\000y\000s\000e\000\040\000d\000u\000\040\000S\000p\000e\000c\000t\000r\000e\000\040\000\340\000\040\000l\000'\000o\000r\000d\000r\000e\000\040\000k\000=\0002\0001}{section.7}% 29
\BOOKMARK [2][-]{subsection.7.22}{\376\377\000A\000n\000a\000l\000y\000s\000e\000\040\000d\000u\000\040\000S\000p\000e\000c\000t\000r\000e\000\040\000\340\000\040\000l\000'\000o\000r\000d\000r\000e\000\040\000k\000=\0002\0002}{section.7}% 30
\BOOKMARK [2][-]{subsection.7.23}{\376\377\000A\000n\000a\000l\000y\000s\000e\000\040\000d\000u\000\040\000S\000p\000e\000c\000t\000r\000e\000\040\000\340\000\040\000l\000'\000o\000r\000d\000r\000e\000\040\000k\000=\0002\0003}{section.7}% 31
\BOOKMARK [2][-]{subsection.7.24}{\376\377\000A\000n\000a\000l\000y\000s\000e\000\040\000d\000u\000\040\000S\000p\000e\000c\000t\000r\000e\000\040\000\340\000\040\000l\000'\000o\000r\000d\000r\000e\000\040\000k\000=\0002\0004}{section.7}% 32
\BOOKMARK [2][-]{subsection.7.25}{\376\377\000A\000n\000a\000l\000y\000s\000e\000\040\000d\000u\000\040\000S\000p\000e\000c\000t\000r\000e\000\040\000\340\000\040\000l\000'\000o\000r\000d\000r\000e\000\040\000k\000=\0002\0005}{section.7}% 33
\BOOKMARK [2][-]{subsection.7.26}{\376\377\000A\000n\000a\000l\000y\000s\000e\000\040\000d\000u\000\040\000S\000p\000e\000c\000t\000r\000e\000\040\000\340\000\040\000l\000'\000o\000r\000d\000r\000e\000\040\000k\000=\0002\0006}{section.7}% 34
\BOOKMARK [2][-]{subsection.7.27}{\376\377\000A\000n\000a\000l\000y\000s\000e\000\040\000d\000u\000\040\000S\000p\000e\000c\000t\000r\000e\000\040\000\340\000\040\000l\000'\000o\000r\000d\000r\000e\000\040\000k\000=\0002\0007}{section.7}% 35
\BOOKMARK [2][-]{subsection.7.28}{\376\377\000A\000n\000a\000l\000y\000s\000e\000\040\000d\000u\000\040\000S\000p\000e\000c\000t\000r\000e\000\040\000\340\000\040\000l\000'\000o\000r\000d\000r\000e\000\040\000k\000=\0002\0008}{section.7}% 36
\BOOKMARK [2][-]{subsection.7.29}{\376\377\000A\000n\000a\000l\000y\000s\000e\000\040\000d\000u\000\040\000S\000p\000e\000c\000t\000r\000e\000\040\000\340\000\040\000l\000'\000o\000r\000d\000r\000e\000\040\000k\000=\0002\0009}{section.7}% 37
\BOOKMARK [2][-]{subsection.7.30}{\376\377\000A\000n\000a\000l\000y\000s\000e\000\040\000d\000u\000\040\000S\000p\000e\000c\000t\000r\000e\000\040\000\340\000\040\000l\000'\000o\000r\000d\000r\000e\000\040\000k\000=\0003\0000}{section.7}% 38
\BOOKMARK [2][-]{subsection.7.31}{\376\377\000A\000n\000a\000l\000y\000s\000e\000\040\000d\000u\000\040\000S\000p\000e\000c\000t\000r\000e\000\040\000\340\000\040\000l\000'\000o\000r\000d\000r\000e\000\040\000k\000=\0003\0001}{section.7}% 39
\BOOKMARK [2][-]{subsection.7.32}{\376\377\000A\000n\000a\000l\000y\000s\000e\000\040\000d\000u\000\040\000S\000p\000e\000c\000t\000r\000e\000\040\000\340\000\040\000l\000'\000o\000r\000d\000r\000e\000\040\000k\000=\0003\0002}{section.7}% 40
\BOOKMARK [2][-]{subsection.7.33}{\376\377\000A\000n\000a\000l\000y\000s\000e\000\040\000d\000u\000\040\000S\000p\000e\000c\000t\000r\000e\000\040\000\340\000\040\000l\000'\000o\000r\000d\000r\000e\000\040\000k\000=\0003\0003}{section.7}% 41
\BOOKMARK [2][-]{subsection.7.34}{\376\377\000A\000n\000a\000l\000y\000s\000e\000\040\000d\000u\000\040\000S\000p\000e\000c\000t\000r\000e\000\040\000\340\000\040\000l\000'\000o\000r\000d\000r\000e\000\040\000k\000=\0003\0004}{section.7}% 42
\BOOKMARK [2][-]{subsection.7.35}{\376\377\000A\000n\000a\000l\000y\000s\000e\000\040\000d\000u\000\040\000S\000p\000e\000c\000t\000r\000e\000\040\000\340\000\040\000l\000'\000o\000r\000d\000r\000e\000\040\000k\000=\0003\0005}{section.7}% 43
\BOOKMARK [2][-]{subsection.7.36}{\376\377\000A\000n\000a\000l\000y\000s\000e\000\040\000d\000u\000\040\000S\000p\000e\000c\000t\000r\000e\000\040\000\340\000\040\000l\000'\000o\000r\000d\000r\000e\000\040\000k\000=\0003\0006}{section.7}% 44
\BOOKMARK [2][-]{subsection.7.37}{\376\377\000A\000n\000a\000l\000y\000s\000e\000\040\000d\000u\000\040\000S\000p\000e\000c\000t\000r\000e\000\040\000\340\000\040\000l\000'\000o\000r\000d\000r\000e\000\040\000k\000=\0003\0007}{section.7}% 45
\BOOKMARK [2][-]{subsection.7.38}{\376\377\000A\000n\000a\000l\000y\000s\000e\000\040\000d\000u\000\040\000S\000p\000e\000c\000t\000r\000e\000\040\000\340\000\040\000l\000'\000o\000r\000d\000r\000e\000\040\000k\000=\0003\0008}{section.7}% 46
\BOOKMARK [2][-]{subsection.7.39}{\376\377\000A\000n\000a\000l\000y\000s\000e\000\040\000d\000u\000\040\000S\000p\000e\000c\000t\000r\000e\000\040\000\340\000\040\000l\000'\000o\000r\000d\000r\000e\000\040\000k\000=\0003\0009}{section.7}% 47
\BOOKMARK [2][-]{subsection.7.40}{\376\377\000A\000n\000a\000l\000y\000s\000e\000\040\000d\000u\000\040\000S\000p\000e\000c\000t\000r\000e\000\040\000\340\000\040\000l\000'\000o\000r\000d\000r\000e\000\040\000k\000=\0004\0000}{section.7}% 48
\BOOKMARK [2][-]{subsection.7.41}{\376\377\000A\000n\000a\000l\000y\000s\000e\000\040\000d\000u\000\040\000S\000p\000e\000c\000t\000r\000e\000\040\000\340\000\040\000l\000'\000o\000r\000d\000r\000e\000\040\000k\000=\0004\0001}{section.7}% 49
\BOOKMARK [2][-]{subsection.7.42}{\376\377\000A\000n\000a\000l\000y\000s\000e\000\040\000d\000u\000\040\000S\000p\000e\000c\000t\000r\000e\000\040\000\340\000\040\000l\000'\000o\000r\000d\000r\000e\000\040\000k\000=\0004\0002}{section.7}% 50
\BOOKMARK [2][-]{subsection.7.43}{\376\377\000A\000n\000a\000l\000y\000s\000e\000\040\000d\000u\000\040\000S\000p\000e\000c\000t\000r\000e\000\040\000\340\000\040\000l\000'\000o\000r\000d\000r\000e\000\040\000k\000=\0004\0003}{section.7}% 51
\BOOKMARK [2][-]{subsection.7.44}{\376\377\000A\000n\000a\000l\000y\000s\000e\000\040\000d\000u\000\040\000S\000p\000e\000c\000t\000r\000e\000\040\000\340\000\040\000l\000'\000o\000r\000d\000r\000e\000\040\000k\000=\0004\0004}{section.7}% 52
\BOOKMARK [2][-]{subsection.7.45}{\376\377\000A\000n\000a\000l\000y\000s\000e\000\040\000d\000u\000\040\000S\000p\000e\000c\000t\000r\000e\000\040\000\340\000\040\000l\000'\000o\000r\000d\000r\000e\000\040\000k\000=\0004\0005}{section.7}% 53
\BOOKMARK [2][-]{subsection.7.46}{\376\377\000A\000n\000a\000l\000y\000s\000e\000\040\000d\000u\000\040\000S\000p\000e\000c\000t\000r\000e\000\040\000\340\000\040\000l\000'\000o\000r\000d\000r\000e\000\040\000k\000=\0004\0006}{section.7}% 54
\BOOKMARK [2][-]{subsection.7.47}{\376\377\000A\000n\000a\000l\000y\000s\000e\000\040\000d\000u\000\040\000S\000p\000e\000c\000t\000r\000e\000\040\000\340\000\040\000l\000'\000o\000r\000d\000r\000e\000\040\000k\000=\0004\0007}{section.7}% 55
\BOOKMARK [2][-]{subsection.7.48}{\376\377\000A\000n\000a\000l\000y\000s\000e\000\040\000d\000u\000\040\000S\000p\000e\000c\000t\000r\000e\000\040\000\340\000\040\000l\000'\000o\000r\000d\000r\000e\000\040\000k\000=\0004\0008}{section.7}% 56
\BOOKMARK [2][-]{subsection.7.49}{\376\377\000A\000n\000a\000l\000y\000s\000e\000\040\000d\000u\000\040\000S\000p\000e\000c\000t\000r\000e\000\040\000\340\000\040\000l\000'\000o\000r\000d\000r\000e\000\040\000k\000=\0004\0009}{section.7}% 57
\BOOKMARK [1][-]{section.8}{\376\377\000A\000r\000c\000h\000i\000t\000e\000c\000t\000u\000r\000e\000\040\000d\000e\000\040\000F\000o\000r\000m\000a\000l\000i\000s\000a\000t\000i\000o\000n\000\040\000d\000a\000n\000s\000\040\000L\000e\000a\000n\000\040\0004}{}% 58
